Component: ARM Compiler 5.06 update 5 (build 528) Tool: armlink [4d35e2]

==============================================================================

Section Cross References

    startup_stm32f407xx.o(STACK) refers (Special) to heapauxi.o(.text) for __use_two_region_memory
    startup_stm32f407xx.o(HEAP) refers (Special) to heapauxi.o(.text) for __use_two_region_memory
    startup_stm32f407xx.o(RESET) refers (Special) to heapauxi.o(.text) for __use_two_region_memory
    startup_stm32f407xx.o(RESET) refers to startup_stm32f407xx.o(STACK) for __initial_sp
    startup_stm32f407xx.o(RESET) refers to startup_stm32f407xx.o(.text) for Reset_Handler
    startup_stm32f407xx.o(RESET) refers to stm32f4xx_it.o(i.NMI_Handler) for NMI_Handler
    startup_stm32f407xx.o(RESET) refers to stm32f4xx_it.o(i.HardFault_Handler) for HardFault_Handler
    startup_stm32f407xx.o(RESET) refers to stm32f4xx_it.o(i.MemManage_Handler) for MemManage_Handler
    startup_stm32f407xx.o(RESET) refers to stm32f4xx_it.o(i.BusFault_Handler) for BusFault_Handler
    startup_stm32f407xx.o(RESET) refers to stm32f4xx_it.o(i.UsageFault_Handler) for UsageFault_Handler
    startup_stm32f407xx.o(RESET) refers to port.o(.emb_text) for SVC_Handler
    startup_stm32f407xx.o(RESET) refers to stm32f4xx_it.o(i.DebugMon_Handler) for DebugMon_Handler
    startup_stm32f407xx.o(RESET) refers to cmsis_os2.o(i.SysTick_Handler) for SysTick_Handler
    startup_stm32f407xx.o(RESET) refers to stm32f4xx_it.o(i.DMA1_Stream1_IRQHandler) for DMA1_Stream1_IRQHandler
    startup_stm32f407xx.o(RESET) refers to stm32f4xx_it.o(i.DMA1_Stream3_IRQHandler) for DMA1_Stream3_IRQHandler
    startup_stm32f407xx.o(RESET) refers to stm32f4xx_it.o(i.TIM1_UP_TIM10_IRQHandler) for TIM1_UP_TIM10_IRQHandler
    startup_stm32f407xx.o(RESET) refers to stm32f4xx_it.o(i.USART1_IRQHandler) for USART1_IRQHandler
    startup_stm32f407xx.o(RESET) refers to stm32f4xx_it.o(i.USART3_IRQHandler) for USART3_IRQHandler
    startup_stm32f407xx.o(RESET) refers to stm32f4xx_it.o(i.DMA2_Stream2_IRQHandler) for DMA2_Stream2_IRQHandler
    startup_stm32f407xx.o(.text) refers (Special) to heapauxi.o(.text) for __use_two_region_memory
    startup_stm32f407xx.o(.text) refers to system_stm32f4xx.o(i.SystemInit) for SystemInit
    startup_stm32f407xx.o(.text) refers to __main.o(!!!main) for __main
    startup_stm32f407xx.o(.text) refers to startup_stm32f407xx.o(HEAP) for Heap_Mem
    startup_stm32f407xx.o(.text) refers to startup_stm32f407xx.o(STACK) for Stack_Mem
    main.o(i.HAL_TIM_PeriodElapsedCallback) refers to stm32f4xx_hal.o(i.HAL_IncTick) for HAL_IncTick
    main.o(i.HAL_UART_RxCpltCallback) refers to stm32f4xx_hal_uart.o(i.HAL_UART_Receive_DMA) for HAL_UART_Receive_DMA
    main.o(i.HAL_UART_RxCpltCallback) refers to main.o(.bss) for .bss
    main.o(i.HAL_UART_RxCpltCallback) refers to main.o(.data) for .data
    main.o(i.HAL_UART_RxCpltCallback) refers to usart.o(.bss) for huart1
    main.o(i.SystemClock_Config) refers to rt_memclr_w.o(.text) for __aeabi_memclr4
    main.o(i.SystemClock_Config) refers to stm32f4xx_hal_rcc.o(i.HAL_RCC_OscConfig) for HAL_RCC_OscConfig
    main.o(i.SystemClock_Config) refers to stm32f4xx_hal_rcc.o(i.HAL_RCC_ClockConfig) for HAL_RCC_ClockConfig
    main.o(i.main) refers to stm32f4xx_hal.o(i.HAL_Init) for HAL_Init
    main.o(i.main) refers to main.o(i.SystemClock_Config) for SystemClock_Config
    main.o(i.main) refers to gpio.o(i.MX_GPIO_Init) for MX_GPIO_Init
    main.o(i.main) refers to dma.o(i.MX_DMA_Init) for MX_DMA_Init
    main.o(i.main) refers to usart.o(i.MX_USART3_UART_Init) for MX_USART3_UART_Init
    main.o(i.main) refers to usart.o(i.MX_USART1_UART_Init) for MX_USART1_UART_Init
    main.o(i.main) refers to stm32f4xx_hal_uart.o(i.HAL_UART_Receive_DMA) for HAL_UART_Receive_DMA
    main.o(i.main) refers to stm32f4xx_hal_uart.o(i.UART_Start_Receive_DMA) for UART_Start_Receive_DMA
    main.o(i.main) refers to stm32f4xx_hal_gpio.o(i.HAL_GPIO_WritePin) for HAL_GPIO_WritePin
    main.o(i.main) refers to cmsis_os2.o(i.osKernelInitialize) for osKernelInitialize
    main.o(i.main) refers to freertos.o(i.MX_FREERTOS_Init) for MX_FREERTOS_Init
    main.o(i.main) refers to cmsis_os2.o(i.osKernelStart) for osKernelStart
    main.o(i.main) refers to usart.o(.bss) for huart3
    main.o(i.main) refers to main.o(.bss) for .bss
    gpio.o(i.MX_GPIO_Init) refers to rt_memclr_w.o(.text) for __aeabi_memclr4
    gpio.o(i.MX_GPIO_Init) refers to stm32f4xx_hal_gpio.o(i.HAL_GPIO_WritePin) for HAL_GPIO_WritePin
    gpio.o(i.MX_GPIO_Init) refers to stm32f4xx_hal_gpio.o(i.HAL_GPIO_Init) for HAL_GPIO_Init
    freertos.o(i.MX_FREERTOS_Init) refers to cmsis_os2.o(i.osThreadNew) for osThreadNew
    freertos.o(i.MX_FREERTOS_Init) refers to freertos.o(.constdata) for .constdata
    freertos.o(i.MX_FREERTOS_Init) refers to freertos.o(i.StartDefaultTask) for StartDefaultTask
    freertos.o(i.MX_FREERTOS_Init) refers to freertos.o(.data) for .data
[...]
    i.LCD_Init                               0x08001ce8   Section        0  lcd.o(i.LCD_Init)
    i.LCD_SetCursor                          0x08001ef8   Section        0  lcd.o(i.LCD_SetCursor)
    i.LCD_WR_DATA                            0x08001f2c   Section        0  lcd.o(i.LCD_WR_DATA)
    i.LCD_WR_REG                             0x08001fa0   Section        0  lcd.o(i.LCD_WR_REG)
    i.LCD_WriteRAM                           0x08002014   Section        0  lcd.o(i.LCD_WriteRAM)
    i.LCD_WriteRAM_Prepare                   0x08002088   Section        0  lcd.o(i.LCD_WriteRAM_Prepare)
    i.MX_DMA_Init                            0x08002094   Section        0  dma.o(i.MX_DMA_Init)
    i.MX_FREERTOS_Init                       0x080020f0   Section        0  freertos.o(i.MX_FREERTOS_Init)
    i.MX_GPIO_Init                           0x08002120   Section        0  gpio.o(i.MX_GPIO_Init)
    i.MX_USART1_UART_Init                    0x08002240   Section        0  usart.o(i.MX_USART1_UART_Init)
    i.MX_USART3_UART_Init                    0x08002278   Section        0  usart.o(i.MX_USART3_UART_Init)
    i.MemManage_Handler                      0x080022b0   Section        0  stm32f4xx_it.o(i.MemManage_Handler)
    i.NMI_Handler                            0x080022b2   Section        0  stm32f4xx_it.o(i.NMI_Handler)
    i.StartDefaultTask                       0x080022b4   Section        0  freertos.o(i.StartDefaultTask)
    i.StartTask02                            0x080022bc   Section        0  freertos.o(i.StartTask02)
    i.SysTick_Handler                        0x0800230a   Section        0  cmsis_os2.o(i.SysTick_Handler)
    i.SystemClock_Config                     0x08002324   Section        0  main.o(i.SystemClock_Config)
    i.SystemInit                             0x080023b8   Section        0  system_stm32f4xx.o(i.SystemInit)
    i.TIM1_UP_TIM10_IRQHandler               0x080023c8   Section        0  stm32f4xx_it.o(i.TIM1_UP_TIM10_IRQHandler)
    i.TIM_Base_SetConfig                     0x080023d4   Section        0  stm32f4xx_hal_tim.o(i.TIM_Base_SetConfig)
    i.UART_DMAAbortOnError                   0x080024a4   Section        0  stm32f4xx_hal_uart.o(i.UART_DMAAbortOnError)
    UART_DMAAbortOnError                     0x080024a5   Thumb Code    14  stm32f4xx_hal_uart.o(i.UART_DMAAbortOnError)
    i.UART_DMAError                          0x080024b2   Section        0  stm32f4xx_hal_uart.o(i.UART_DMAError)
    UART_DMAError                            0x080024b3   Thumb Code    74  stm32f4xx_hal_uart.o(i.UART_DMAError)
    i.UART_DMAReceiveCplt                    0x080024fc   Section        0  stm32f4xx_hal_uart.o(i.UART_DMAReceiveCplt)
    UART_DMAReceiveCplt                      0x080024fd   Thumb Code   134  stm32f4xx_hal_uart.o(i.UART_DMAReceiveCplt)
    i.UART_DMARxHalfCplt                     0x08002582   Section        0  stm32f4xx_hal_uart.o(i.UART_DMARxHalfCplt)
    UART_DMARxHalfCplt                       0x08002583   Thumb Code    30  stm32f4xx_hal_uart.o(i.UART_DMARxHalfCplt)
    i.UART_EndRxTransfer                     0x080025a0   Section        0  stm32f4xx_hal_uart.o(i.UART_EndRxTransfer)
    UART_EndRxTransfer                       0x080025a1   Thumb Code    78  stm32f4xx_hal_uart.o(i.UART_EndRxTransfer)
    i.UART_EndTxTransfer                     0x080025ee   Section        0  stm32f4xx_hal_uart.o(i.UART_EndTxTransfer)
    UART_EndTxTransfer                       0x080025ef   Thumb Code    28  stm32f4xx_hal_uart.o(i.UART_EndTxTransfer)
    i.UART_Receive_IT                        0x0800260a   Section        0  stm32f4xx_hal_uart.o(i.UART_Receive_IT)
    UART_Receive_IT                          0x0800260b   Thumb Code   194  stm32f4xx_hal_uart.o(i.UART_Receive_IT)
    i.UART_SetConfig                         0x080026cc   Section        0  stm32f4xx_hal_uart.o(i.UART_SetConfig)
    UART_SetConfig                           0x080026cd   Thumb Code   258  stm32f4xx_hal_uart.o(i.UART_SetConfig)
    i.UART_Start_Receive_DMA                 0x080027d8   Section        0  stm32f4xx_hal_uart.o(i.UART_Start_Receive_DMA)
    i.USART1_IRQHandler                      0x08002878   Section        0  stm32f4xx_it.o(i.USART1_IRQHandler)
    i.USART3_IRQHandler                      0x08002884   Section        0  stm32f4xx_it.o(i.USART3_IRQHandler)
    i.UsageFault_Handler                     0x08002890   Section        0  stm32f4xx_it.o(i.UsageFault_Handler)
    i.__NVIC_SetPriority                     0x08002892   Section        0  stm32f4xx_hal_cortex.o(i.__NVIC_SetPriority)
    __NVIC_SetPriority                       0x08002893   Thumb Code    32  stm32f4xx_hal_cortex.o(i.__NVIC_SetPriority)
    i.main                                   0x080028b4   Section        0  main.o(i.main)
    i.osDelay                                0x08002918   Section        0  cmsis_os2.o(i.osDelay)
    i.osKernelInitialize                     0x08002934   Section        0  cmsis_os2.o(i.osKernelInitialize)
    i.osKernelStart                          0x08002958   Section        0  cmsis_os2.o(i.osKernelStart)
    i.osThreadNew                            0x08002990   Section        0  cmsis_os2.o(i.osThreadNew)
    i.prvAddCurrentTaskToDelayedList         0x08002a1c   Section        0  tasks.o(i.prvAddCurrentTaskToDelayedList)
    prvAddCurrentTaskToDelayedList           0x08002a1d   Thumb Code    84  tasks.o(i.prvAddCurrentTaskToDelayedList)
    i.prvAddNewTaskToReadyList               0x08002a78   Section        0  tasks.o(i.prvAddNewTaskToReadyList)
    prvAddNewTaskToReadyList                 0x08002a79   Thumb Code   190  tasks.o(i.prvAddNewTaskToReadyList)
    i.prvCheckForValidListAndQueue           0x08002b48   Section        0  timers.o(i.prvCheckForValidListAndQueue)
    prvCheckForValidListAndQueue             0x08002b49   Thumb Code    72  timers.o(i.prvCheckForValidListAndQueue)
    i.prvCopyDataFromQueue                   0x08002ba0   Section        0  queue.o(i.prvCopyDataFromQueue)
    prvCopyDataFromQueue                     0x08002ba1   Thumb Code    38  queue.o(i.prvCopyDataFromQueue)
    i.prvCopyDataToQueue                     0x08002bc6   Section        0  queue.o(i.prvCopyDataToQueue)
    prvCopyDataToQueue                       0x08002bc7   Thumb Code   108  queue.o(i.prvCopyDataToQueue)
    i.prvDeleteTCB                           0x08002c32   Section        0  tasks.o(i.prvDeleteTCB)
    prvDeleteTCB                             0x08002c33   Thumb Code    52  tasks.o(i.prvDeleteTCB)
    i.prvHeapInit                            0x08002c68   Section        0  heap_4.o(i.prvHeapInit)
    prvHeapInit                              0x08002c69   Thumb Code    66  heap_4.o(i.prvHeapInit)
    i.prvIdleTask                            0x08002cb4   Section        0  tasks.o(i.prvIdleTask)
    prvIdleTask                              0x08002cb5   Thumb Code    82  tasks.o(i.prvIdleTask)
    i.prvInitialiseNewQueue                  0x08002d14   Section        0  queue.o(i.prvInitialiseNewQueue)
    prvInitialiseNewQueue                    0x08002d15   Thumb Code    34  queue.o(i.prvInitialiseNewQueue)
    i.prvInitialiseNewTask                   0x08002d38   Section        0  tasks.o(i.prvInitialiseNewTask)
    prvInitialiseNewTask                     0x08002d39   Thumb Code   176  tasks.o(i.prvInitialiseNewTask)
    i.prvInsertBlockIntoFreeList             0x08002de8   Section        0  heap_4.o(i.prvInsertBlockIntoFreeList)
    prvInsertBlockIntoFreeList               0x08002de9   Thumb Code    72  heap_4.o(i.prvInsertBlockIntoFreeList)
    i.prvInsertTimerInActiveList             0x08002e34   Section        0  timers.o(i.prvInsertTimerInActiveList)
    prvInsertTimerInActiveList               0x08002e35   Thumb Code    52  timers.o(i.prvInsertTimerInActiveList)
    i.prvIsQueueEmpty                        0x08002e6c   Section        0  queue.o(i.prvIsQueueEmpty)
    prvIsQueueEmpty                          0x08002e6d   Thumb Code    28  queue.o(i.prvIsQueueEmpty)
    i.prvProcessReceivedCommands             0x08002e88   Section        0  timers.o(i.prvProcessReceivedCommands)
    prvProcessReceivedCommands               0x08002e89   Thumb Code   248  timers.o(i.prvProcessReceivedCommands)
    i.prvProcessTimerOrBlockTask             0x08002f84   Section        0  timers.o(i.prvProcessTimerOrBlockTask)
    prvProcessTimerOrBlockTask               0x08002f85   Thumb Code   182  timers.o(i.prvProcessTimerOrBlockTask)
    i.prvResetNextTaskUnblockTime            0x08003044   Section        0  tasks.o(i.prvResetNextTaskUnblockTime)
    prvResetNextTaskUnblockTime              0x08003045   Thumb Code    26  tasks.o(i.prvResetNextTaskUnblockTime)
    i.prvSampleTimeNow                       0x08003064   Section        0  timers.o(i.prvSampleTimeNow)
    prvSampleTimeNow                         0x08003065   Thumb Code    36  timers.o(i.prvSampleTimeNow)
    i.prvSwitchTimerLists                    0x0800308c   Section        0  timers.o(i.prvSwitchTimerLists)
    prvSwitchTimerLists                      0x0800308d   Thumb Code   104  timers.o(i.prvSwitchTimerLists)
    i.prvTaskExitError                       0x080030f8   Section        0  port.o(i.prvTaskExitError)
    prvTaskExitError                         0x080030f9   Thumb Code    36  port.o(i.prvTaskExitError)
    i.prvTimerTask                           0x08003120   Section        0  timers.o(i.prvTimerTask)
    prvTimerTask                             0x08003121   Thumb Code    32  timers.o(i.prvTimerTask)
    i.prvUnlockQueue                         0x08003144   Section        0  queue.o(i.prvUnlockQueue)
    prvUnlockQueue                           0x08003145   Thumb Code   106  queue.o(i.prvUnlockQueue)
    i.pvPortMalloc                           0x080031b0   Section        0  heap_4.o(i.pvPortMalloc)
    i.pxPortInitialiseStack                  0x0800328c   Section        0  port.o(i.pxPortInitialiseStack)
    i.uxListRemove                           0x080032b8   Section        0  list.o(i.uxListRemove)
    i.vApplicationGetIdleTaskMemory          0x080032e0   Section        0  cmsis_os2.o(i.vApplicationGetIdleTaskMemory)
    i.vApplicationGetTimerTaskMemory         0x080032f4   Section        0  cmsis_os2.o(i.vApplicationGetTimerTaskMemory)
    i.vApplicationTickHook                   0x0800330c   Section        0  freertos.o(i.vApplicationTickHook)
    i.vListInitialise                        0x0800330e   Section        0  list.o(i.vListInitialise)
    i.vListInitialiseItem                    0x08003324   Section        0  list.o(i.vListInitialiseItem)
    i.vListInsert                            0x0800332a   Section        0  list.o(i.vListInsert)
    i.vListInsertEnd                         0x0800335a   Section        0  list.o(i.vListInsertEnd)
    i.vPortEnterCritical                     0x08003374   Section        0  port.o(i.vPortEnterCritical)
    i.vPortExitCritical                      0x080033b4   Section        0  port.o(i.vPortExitCritical)
    i.vPortFree                              0x080033dc   Section        0  heap_4.o(i.vPortFree)
    i.vPortSetupTimerInterrupt               0x08003440   Section        0  port.o(i.vPortSetupTimerInterrupt)
    i.vPortValidateInterruptPriority         0x08003464   Section        0  port.o(i.vPortValidateInterruptPriority)
    i.vQueueAddToRegistry                    0x080034b8   Section        0  queue.o(i.vQueueAddToRegistry)
    i.vQueueWaitForMessageRestricted         0x080034e0   Section        0  queue.o(i.vQueueWaitForMessageRestricted)
    i.vTaskDelay                             0x08003524   Section        0  tasks.o(i.vTaskDelay)
    i.vTaskInternalSetTimeOutState           0x08003570   Section        0  tasks.o(i.vTaskInternalSetTimeOutState)
    i.vTaskMissedYield                       0x08003580   Section        0  tasks.o(i.vTaskMissedYield)
    i.vTaskPlaceOnEventList                  0x0800358c   Section        0  tasks.o(i.vTaskPlaceOnEventList)
    i.vTaskPlaceOnEventListRestricted        0x080035bc   Section        0  tasks.o(i.vTaskPlaceOnEventListRestricted)
    i.vTaskStartScheduler                    0x080035f4   Section        0  tasks.o(i.vTaskStartScheduler)
    i.vTaskSuspendAll                        0x0800367c   Section        0  tasks.o(i.vTaskSuspendAll)
    i.vTaskSwitchContext                     0x0800368c   Section        0  tasks.o(i.vTaskSwitchContext)
    i.xPortStartScheduler                    0x080036f0   Section        0  port.o(i.xPortStartScheduler)
    i.xPortSysTickHandler                    0x080037e4   Section        0  port.o(i.xPortSysTickHandler)
    i.xQueueGenericCreateStatic              0x08003810   Section        0  queue.o(i.xQueueGenericCreateStatic)
    i.xQueueGenericReset                     0x08003878   Section        0  queue.o(i.xQueueGenericReset)
    i.xQueueGenericSend                      0x08003900   Section        0  queue.o(i.xQueueGenericSend)
    i.xQueueGenericSendFromISR               0x08003a60   Section        0  queue.o(i.xQueueGenericSendFromISR)
    i.xQueueReceive                          0x08003b20   Section        0  queue.o(i.xQueueReceive)
    i.xTaskCheckForTimeOut                   0x08003c58   Section        0  tasks.o(i.xTaskCheckForTimeOut)
    i.xTaskCreate                            0x08003ccc   Section        0  tasks.o(i.xTaskCreate)
    i.xTaskCreateStatic                      0x08003d26   Section        0  tasks.o(i.xTaskCreateStatic)
    i.xTaskGetSchedulerState                 0x08003d7c   Section        0  tasks.o(i.xTaskGetSchedulerState)
    i.xTaskGetTickCount                      0x08003d98   Section        0  tasks.o(i.xTaskGetTickCount)
    i.xTaskIncrementTick                     0x08003da4   Section        0  tasks.o(i.xTaskIncrementTick)
    i.xTaskPriorityDisinherit                0x08003e7c   Section        0  tasks.o(i.xTaskPriorityDisinherit)
    i.xTaskRemoveFromEventList               0x08003efc   Section        0  tasks.o(i.xTaskRemoveFromEventList)
    i.xTaskResumeAll                         0x08003f6c   Section        0  tasks.o(i.xTaskResumeAll)
    i.xTimerCreateTimerTask                  0x08004030   Section        0  timers.o(i.xTimerCreateTimerTask)
    i.xTimerGenericCommand                   0x08004090   Section        0  timers.o(i.xTimerGenericCommand)
    x$fpl$fpinit                             0x080040f8   Section       10  fpinit.o(x$fpl$fpinit)
    $v0                                      0x080040f8   Number         0  fpinit.o(x$fpl$fpinit)
    .constdata                               0x08004104   Section       72  freertos.o(.constdata)
    .constdata                               0x0800414c   Section        8  stm32f4xx_hal_dma.o(.constdata)
    flagBitshiftOffset                       0x0800414c   Data           8  stm32f4xx_hal_dma.o(.constdata)
    .constdata                               0x08004154   Section       16  system_stm32f4xx.o(.constdata)
    .constdata                               0x08004164   Section        8  system_stm32f4xx.o(.constdata)
    .conststring                             0x0800416c   Section       24  freertos.o(.conststring)
    .data                                    0x20000000   Section        2  main.o(.data)
    .data                                    0x20000004   Section        8  freertos.o(.data)
    .data                                    0x2000000c   Section       12  stm32f4xx_hal.o(.data)
    .data                                    0x20000018   Section        4  system_stm32f4xx.o(.data)
    .data                                    0x2000001c   Section       60  tasks.o(.data)
    uxDeletedTasksWaitingCleanUp             0x20000020   Data           4  tasks.o(.data)
    uxCurrentNumberOfTasks                   0x20000024   Data           4  tasks.o(.data)
    xTickCount                               0x20000028   Data           4  tasks.o(.data)
    uxTopReadyPriority                       0x2000002c   Data           4  tasks.o(.data)
    xSchedulerRunning                        0x20000030   Data           4  tasks.o(.data)
    xPendedTicks                             0x20000034   Data           4  tasks.o(.data)
    xYieldPending                            0x20000038   Data           4  tasks.o(.data)
    xNumOfOverflows                          0x2000003c   Data           4  tasks.o(.data)
    uxTaskNumber                             0x20000040   Data           4  tasks.o(.data)
    xNextTaskUnblockTime                     0x20000044   Data           4  tasks.o(.data)
    xIdleTaskHandle                          0x20000048   Data           4  tasks.o(.data)
    uxSchedulerSuspended                     0x2000004c   Data           4  tasks.o(.data)
    pxDelayedTaskList                        0x20000050   Data           4  tasks.o(.data)
    pxOverflowDelayedTaskList                0x20000054   Data           4  tasks.o(.data)
    .data                                    0x20000058   Section       20  timers.o(.data)
    xTimerQueue                              0x20000058   Data           4  timers.o(.data)
    xTimerTaskHandle                         0x2000005c   Data           4  timers.o(.data)
    xLastTime                                0x20000060   Data           4  timers.o(.data)
    pxCurrentTimerList                       0x20000064   Data           4  timers.o(.data)
    pxOverflowTimerList                      0x20000068   Data           4  timers.o(.data)
    .data                                    0x2000006c   Section        4  cmsis_os2.o(.data)
    KernelState                              0x2000006c   Data           4  cmsis_os2.o(.data)
    .data                                    0x20000070   Section       32  heap_4.o(.data)
    pxEnd                                    0x20000070   Data           4  heap_4.o(.data)
    xFreeBytesRemaining                      0x20000074   Data           4  heap_4.o(.data)
    xMinimumEverFreeBytesRemaining           0x20000078   Data           4  heap_4.o(.data)
    xNumberOfSuccessfulAllocations           0x2000007c   Data           4  heap_4.o(.data)
    xNumberOfSuccessfulFrees                 0x20000080   Data           4  heap_4.o(.data)
    xBlockAllocatedBit                       0x20000084   Data           4  heap_4.o(.data)
    xStart                                   0x20000088   Data           8  heap_4.o(.data)
    .data                                    0x20000090   Section       12  port.o(.data)
    ucMaxSysCallPriority                     0x20000090   Data           1  port.o(.data)
    uxCriticalNesting                        0x20000094   Data           4  port.o(.data)
    ulMaxPRIGROUPValue                       0x20000098   Data           4  port.o(.data)
    .data                                    0x2000009c   Section     3256  lcd.o(.data)
    .bss                                     0x20000d54   Section      130  main.o(.bss)
    .bss                                     0x20000dd8   Section      432  usart.o(.bss)
    .bss                                     0x20000f88   Section       72  stm32f4xx_hal_timebase_tim.o(.bss)
    .bss                                     0x20000fd0   Section       64  queue.o(.bss)
    .bss                                     0x20001010   Section     1220  tasks.o(.bss)
    pxReadyTasksLists                        0x20001010   Data        1120  tasks.o(.bss)
    xDelayedTaskList1                        0x20001470   Data          20  tasks.o(.bss)
    xDelayedTaskList2                        0x20001484   Data          20  tasks.o(.bss)
    xPendingReadyList                        0x20001498   Data          20  tasks.o(.bss)
    xTasksWaitingTermination                 0x200014ac   Data          20  tasks.o(.bss)
    xSuspendedTaskList                       0x200014c0   Data          20  tasks.o(.bss)
    .bss                                     0x200014d4   Section      280  timers.o(.bss)
    xStaticTimerQueue                        0x200014d4   Data          80  timers.o(.bss)
    ucStaticTimerQueueStorage                0x20001524   Data         160  timers.o(.bss)
    xActiveTimerList1                        0x200015c4   Data          20  timers.o(.bss)
    xActiveTimerList2                        0x200015d8   Data          20  timers.o(.bss)
    .bss                                     0x200015ec   Section     1720  cmsis_os2.o(.bss)
    Idle_TCB                                 0x200015ec   Data          92  cmsis_os2.o(.bss)
    Idle_Stack                               0x20001648   Data         512  cmsis_os2.o(.bss)
    Timer_TCB                                0x20001848   Data          92  cmsis_os2.o(.bss)
    Timer_Stack                              0x200018a4   Data        1024  cmsis_os2.o(.bss)
    .bss                                     0x20001ca4   Section    15360  heap_4.o(.bss)
    ucHeap                                   0x20001ca4   Data       15360  heap_4.o(.bss)
    .bss                                     0x200058a4   Section       14  lcd.o(.bss)
    .bss                                     0x200058b4   Section       96  libspace.o(.bss)
    HEAP                                     0x20005918   Section      512  startup_stm32f407xx.o(HEAP)
    Heap_Mem                                 0x20005918   Data         512  startup_stm32f407xx.o(HEAP)
    STACK                                    0x20005b18   Section     1024  startup_stm32f407xx.o(STACK)
    Stack_Mem                                0x20005b18   Data        1024  startup_stm32f407xx.o(STACK)
    __initial_sp                             0x20005f18   Data           0  startup_stm32f407xx.o(STACK)

    Global Symbols

    Symbol Name                              Value     Ov Type        Size  Object(Section)

    BuildAttributes$$THM_ISAv4$E$P$D$K$B$S$7EM$VFPi3$EXTD16$VFPS$VFMA$PE$A:L22UL41UL21$X:L11$S22US41US21$IEEE1$IW$USESV6$~STKCKD$USESV7$~SHL$OTIME$ROPI$IEEEX$EBA8$UX$STANDARDLIB$REQ8$PRES8$EABIv2 0x00000000   Number         0  anon$$obj.o ABSOLUTE
    __ARM_use_no_argv                        0x00000000   Number         0  main.o ABSOLUTE
    _printf_flags                            0x00000000   Number         0  printf_stubs.o ABSOLUTE
    _printf_return_value                     0x00000000   Number         0  printf_stubs.o ABSOLUTE
    _printf_sizespec                         0x00000000   Number         0  printf_stubs.o ABSOLUTE
    _printf_widthprec                        0x00000000   Number         0  printf_stubs.o ABSOLUTE
    __ARM_exceptions_init                     - Undefined Weak Reference
    __alloca_initialize                       - Undefined Weak Reference
    __arm_preinit_                            - Undefined Weak Reference
    __cpp_initialize__aeabi_                  - Undefined Weak Reference
    __cxa_finalize                            - Undefined Weak Reference
    __sigvec_lookup                           - Undefined Weak Reference
    _atexit_init                              - Undefined Weak Reference
    _call_atexit_fns                          - Undefined Weak Reference
    _clock_init                               - Undefined Weak Reference
    _fp_trap_init                             - Undefined Weak Reference
    _fp_trap_shutdown                         - Undefined Weak Reference
    _get_lc_collate                           - Undefined Weak Reference
    _get_lc_monetary                          - Undefined Weak Reference
    _get_lc_time                              - Undefined Weak Reference
    _getenv_init                              - Undefined Weak Reference
    _handle_redirection                       - Undefined Weak Reference
    _init_alloc                               - Undefined Weak Reference
    _init_user_alloc                          - Undefined Weak Reference
    _initio                                   - Undefined Weak Reference
    _printf_mbtowc                            - Undefined Weak Reference
    _printf_wc                                - Undefined Weak Reference
    _rand_init                                - Undefined Weak Reference
    _signal_finish                            - Undefined Weak Reference
    _signal_init                              - Undefined Weak Reference
    _terminate_alloc                          - Undefined Weak Reference
    _terminate_user_alloc                     - Undefined Weak Reference
    _terminateio                              - Undefined Weak Reference
    __Vectors_Size                           0x00000188   Number         0  startup_stm32f407xx.o ABSOLUTE
    __Vectors                                0x08000000   Data           4  startup_stm32f407xx.o(RESET)
    __Vectors_End                            0x08000188   Data           0  startup_stm32f407xx.o(RESET)
    __main                                   0x08000189   Thumb Code     8  __main.o(!!!main)
    __scatterload                            0x08000191   Thumb Code     0  __scatter.o(!!!scatter)
    __scatterload_rt2                        0x08000191   Thumb Code    44  __scatter.o(!!!scatter)
    __scatterload_rt2_thumb_only             0x08000191   Thumb Code     0  __scatter.o(!!!scatter)
    __scatterload_null                       0x0800019f   Thumb Code     0  __scatter.o(!!!scatter)
    __decompress                             0x080001c5   Thumb Code    90  __dczerorl2.o(!!dczerorl2)
    __decompress1                            0x080001c5   Thumb Code     0  __dczerorl2.o(!!dczerorl2)
    __scatterload_zeroinit                   0x08000221   Thumb Code    28  __scatter_zi.o(!!handler_zi)
    __rt_lib_init                            0x0800023d   Thumb Code     0  libinit.o(.ARM.Collect$$libinit$$00000000)
    __rt_lib_init_fp_1                       0x0800023f   Thumb Code     0  libinit2.o(.ARM.Collect$$libinit$$00000001)
    __rt_lib_init_alloca_1                   0x08000243   Thumb Code     0  libinit2.o(.ARM.Collect$$libinit$$0000002E)
    __rt_lib_init_argv_1                     0x08000243   Thumb Code     0  libinit2.o(.ARM.Collect$$libinit$$0000002C)
    __rt_lib_init_atexit_1                   0x08000243   Thumb Code     0  libinit2.o(.ARM.Collect$$libinit$$0000001B)
    __rt_lib_init_clock_1                    0x08000243   Thumb Code     0  libinit2.o(.ARM.Collect$$libinit$$00000021)
    __rt_lib_init_cpp_1                      0x08000243   Thumb Code     0  libinit2.o(.ARM.Collect$$libinit$$00000032)
    __rt_lib_init_exceptions_1               0x08000243   Thumb Code     0  libinit2.o(.ARM.Collect$$libinit$$00000030)
    __rt_lib_init_fp_trap_1                  0x08000243   Thumb Code     0  libinit2.o(.ARM.Collect$$libinit$$0000001F)
    __rt_lib_init_getenv_1                   0x08000243   Thumb Code     0  libinit2.o(.ARM.Collect$$libinit$$00000023)
    __rt_lib_init_heap_1                     0x08000243   Thumb Code     0  libinit2.o(.ARM.Collect$$libinit$$0000000A)
    __rt_lib_init_lc_collate_1               0x08000243   Thumb Code     0  libinit2.o(.ARM.Collect$$libinit$$00000011)
    __rt_lib_init_lc_ctype_1                 0x08000243   Thumb Code     0  libinit2.o(.ARM.Collect$$libinit$$00000013)
    __rt_lib_init_lc_monetary_1              0x08000243   Thumb Code     0  libinit2.o(.ARM.Collect$$libinit$$00000015)
    __rt_lib_init_lc_numeric_1               0x08000243   Thumb Code     0  libinit2.o(.ARM.Collect$$libinit$$00000017)
    __rt_lib_init_lc_time_1                  0x08000243   Thumb Code     0  libinit2.o(.ARM.Collect$$libinit$$00000019)
    __rt_lib_init_preinit_1                  0x08000243   Thumb Code     0  libinit2.o(.ARM.Collect$$libinit$$00000004)
    __rt_lib_init_rand_1                     0x08000243   Thumb Code     0  libinit2.o(.ARM.Collect$$libinit$$0000000E)
    __rt_lib_init_return                     0x08000243   Thumb Code     0  libinit2.o(.ARM.Collect$$libinit$$00000033)
    __rt_lib_init_signal_1                   0x08000243   Thumb Code     0  libinit2.o(.ARM.Collect$$libinit$$0000001D)
    __rt_lib_init_stdio_1                    0x08000243   Thumb Code     0  libinit2.o(.ARM.Collect$$libinit$$00000025)
    __rt_lib_init_user_alloc_1               0x08000243   Thumb Code     0  libinit2.o(.ARM.Collect$$libinit$$0000000C)
    __rt_lib_shutdown                        0x08000245   Thumb Code     0  libshutdown.o(.ARM.Collect$$libshutdown$$00000000)
    __rt_lib_shutdown_cpp_1                  0x08000247   Thumb Code     0  libshutdown2.o(.ARM.Collect$$libshutdown$$00000002)
    __rt_lib_shutdown_fp_trap_1              0x08000247   Thumb Code     0  libshutdown2.o(.ARM.Collect$$libshutdown$$00000007)
    __rt_lib_shutdown_heap_1                 0x08000247   Thumb Code     0  libshutdown2.o(.ARM.Collect$$libshutdown$$0000000F)
    __rt_lib_shutdown_return                 0x08000247   Thumb Code     0  libshutdown2.o(.ARM.Collect$$libshutdown$$00000010)
    __rt_lib_shutdown_signal_1               0x08000247   Thumb Code     0  libshutdown2.o(.ARM.Collect$$libshutdown$$0000000A)
    __rt_lib_shutdown_stdio_1                0x08000247   Thumb Code     0  libshutdown2.o(.ARM.Collect$$libshutdown$$00000004)
    __rt_lib_shutdown_user_alloc_1           0x08000247   Thumb Code     0  libshutdown2.o(.ARM.Collect$$libshutdown$$0000000C)
    __rt_entry                               0x08000249   Thumb Code     0  __rtentry.o(.ARM.Collect$$rtentry$$00000000)
    __rt_entry_presh_1                       0x08000249   Thumb Code     0  __rtentry2.o(.ARM.Collect$$rtentry$$00000002)
    __rt_entry_sh                            0x08000249   Thumb Code     0  __rtentry4.o(.ARM.Collect$$rtentry$$00000004)
    __rt_entry_li                            0x0800024f   Thumb Code     0  __rtentry2.o(.ARM.Collect$$rtentry$$0000000A)
    __rt_entry_postsh_1                      0x0800024f   Thumb Code     0  __rtentry2.o(.ARM.Collect$$rtentry$$00000009)
    __rt_entry_main                          0x08000253   Thumb Code     0  __rtentry2.o(.ARM.Collect$$rtentry$$0000000D)
    __rt_entry_postli_1                      0x08000253   Thumb Code     0  __rtentry2.o(.ARM.Collect$$rtentry$$0000000C)
    __rt_exit                                0x0800025b   Thumb Code     0  rtexit.o(.ARM.Collect$$rtexit$$00000000)
    __rt_exit_ls                             0x0800025d   Thumb Code     0  rtexit2.o(.ARM.Collect$$rtexit$$00000003)
    __rt_exit_prels_1                        0x0800025d   Thumb Code     0  rtexit2.o(.ARM.Collect$$rtexit$$00000002)
    __rt_exit_exit                           0x08000261   Thumb Code     0  rtexit2.o(.ARM.Collect$$rtexit$$00000004)
    SVC_Handler                              0x08000269   Thumb Code    28  port.o(.emb_text)
    __asm___6_port_c_39a90d8d__prvStartFirstTask 0x08000289   Thumb Code    36  port.o(.emb_text)
    __asm___6_port_c_39a90d8d__prvEnableVFP  0x080002b1   Thumb Code    16  port.o(.emb_text)
    PendSV_Handler                           0x080002c5   Thumb Code    88  port.o(.emb_text)
    vPortGetIPSR                             0x08000321   Thumb Code     6  port.o(.emb_text)
    Reset_Handler                            0x08000329   Thumb Code     8  startup_stm32f407xx.o(.text)
    ADC_IRQHandler                           0x08000343   Thumb Code     0  startup_stm32f407xx.o(.text)
    CAN1_RX0_IRQHandler                      0x08000343   Thumb Code     0  startup_stm32f407xx.o(.text)
    CAN1_RX1_IRQHandler                      0x08000343   Thumb Code     0  startup_stm32f407xx.o(.text)
    CAN1_SCE_IRQHandler                      0x08000343   Thumb Code     0  startup_stm32f407xx.o(.text)
    CAN1_TX_IRQHandler                       0x08000343   Thumb Code     0  startup_stm32f407xx.o(.text)
    CAN2_RX0_IRQHandler                      0x08000343   Thumb Code     0  startup_stm32f407xx.o(.text)
    CAN2_RX1_IRQHandler                      0x08000343   Thumb Code     0  startup_stm32f407xx.o(.text)
    CAN2_SCE_IRQHandler                      0x08000343   Thumb Code     0  startup_stm32f407xx.o(.text)
    CAN2_TX_IRQHandler                       0x08000343   Thumb Code     0  startup_stm32f407xx.o(.text)
    DCMI_IRQHandler                          0x08000343   Thumb Code     0  startup_stm32f407xx.o(.text)
    DMA1_Stream0_IRQHandler                  0x08000343   Thumb Code     0  startup_stm32f407xx.o(.text)
    DMA1_Stream2_IRQHandler                  0x08000343   Thumb Code     0  startup_stm32f407xx.o(.text)
    DMA1_Stream4_IRQHandler                  0x08000343   Thumb Code     0  startup_stm32f407xx.o(.text)
    DMA1_Stream5_IRQHandler                  0x08000343   Thumb Code     0  startup_stm32f407xx.o(.text)
    DMA1_Stream6_IRQHandler                  0x08000343   Thumb Code     0  startup_stm32f407xx.o(.text)
    DMA1_Stream7_IRQHandler                  0x08000343   Thumb Code     0  startup_stm32f407xx.o(.text)
    DMA2_Stream0_IRQHandler                  0x08000343   Thumb Code     0  startup_stm32f407xx.o(.text)
    DMA2_Stream1_IRQHandler                  0x08000343   Thumb Code     0  startup_stm32f407xx.o(.text)
    DMA2_Stream3_IRQHandler                  0x08000343   Thumb Code     0  startup_stm32f407xx.o(.text)
    DMA2_Stream4_IRQHandler                  0x08000343   Thumb Code     0  startup_stm32f407xx.o(.text)
    DMA2_Stream5_IRQHandler                  0x08000343   Thumb Code     0  startup_stm32f407xx.o(.text)
    DMA2_Stream6_IRQHandler                  0x08000343   Thumb Code     0  startup_stm32f407xx.o(.text)
    DMA2_Stream7_IRQHandler                  0x08000343   Thumb Code     0  startup_stm32f407xx.o(.text)
    ETH_IRQHandler                           0x08000343   Thumb Code     0  startup_stm32f407xx.o(.text)
    ETH_WKUP_IRQHandler                      0x08000343   Thumb Code     0  startup_stm32f407xx.o(.text)
    EXTI0_IRQHandler                         0x08000343   Thumb Code     0  startup_stm32f407xx.o(.text)
    EXTI15_10_IRQHandler                     0x08000343   Thumb Code     0  startup_stm32f407xx.o(.text)
    EXTI1_IRQHandler                         0x08000343   Thumb Code     0  startup_stm32f407xx.o(.text)
    EXTI2_IRQHandler                         0x08000343   Thumb Code     0  startup_stm32f407xx.o(.text)
    EXTI3_IRQHandler                         0x08000343   Thumb Code     0  startup_stm32f407xx.o(.text)
    EXTI4_IRQHandler                         0x08000343   Thumb Code     0  startup_stm32f407xx.o(.text)
    EXTI9_5_IRQHandler                       0x08000343   Thumb Code     0  startup_stm32f407xx.o(.text)
    FLASH_IRQHandler                         0x08000343   Thumb Code     0  startup_stm32f407xx.o(.text)
    FMC_IRQHandler                           0x08000343   Thumb Code     0  startup_stm32f407xx.o(.text)
    FPU_IRQHandler                           0x08000343   Thumb Code     0  startup_stm32f407xx.o(.text)
    HASH_RNG_IRQHandler                      0x08000343   Thumb Code     0  startup_stm32f407xx.o(.text)
    I2C1_ER_IRQHandler                       0x08000343   Thumb Code     0  startup_stm32f407xx.o(.text)
    I2C1_EV_IRQHandler                       0x08000343   Thumb Code     0  startup_stm32f407xx.o(.text)
    I2C2_ER_IRQHandler                       0x08000343   Thumb Code     0  startup_stm32f407xx.o(.text)
    I2C2_EV_IRQHandler                       0x08000343   Thumb Code     0  startup_stm32f407xx.o(.text)
    I2C3_ER_IRQHandler                       0x08000343   Thumb Code     0  startup_stm32f407xx.o(.text)
    I2C3_EV_IRQHandler                       0x08000343   Thumb Code     0  startup_stm32f407xx.o(.text)
    OTG_FS_IRQHandler                        0x08000343   Thumb Code     0  startup_stm32f407xx.o(.text)
    OTG_FS_WKUP_IRQHandler                   0x08000343   Thumb Code     0  startup_stm32f407xx.o(.text)
    OTG_HS_EP1_IN_IRQHandler                 0x08000343   Thumb Code     0  startup_stm32f407xx.o(.text)
    OTG_HS_EP1_OUT_IRQHandler                0x08000343   Thumb Code     0  startup_stm32f407xx.o(.text)
    OTG_HS_IRQHandler                        0x08000343   Thumb Code     0  startup_stm32f407xx.o(.text)
    OTG_HS_WKUP_IRQHandler                   0x08000343   Thumb Code     0  startup_stm32f407xx.o(.text)
    PVD_IRQHandler                           0x08000343   Thumb Code     0  startup_stm32f407xx.o(.text)
    RCC_IRQHandler                           0x08000343   Thumb Code     0  startup_stm32f407xx.o(.text)
    RTC_Alarm_IRQHandler                     0x08000343   Thumb Code     0  startup_stm32f407xx.o(.text)
    RTC_WKUP_IRQHandler                      0x08000343   Thumb Code     0  startup_stm32f407xx.o(.text)
    SDIO_IRQHandler                          0x08000343   Thumb Code     0  startup_stm32f407xx.o(.text)
    SPI1_IRQHandler                          0x08000343   Thumb Code     0  startup_stm32f407xx.o(.text)
    SPI2_IRQHandler                          0x08000343   Thumb Code     0  startup_stm32f407xx.o(.text)
    SPI3_IRQHandler                          0x08000343   Thumb Code     0  startup_stm32f407xx.o(.text)
    TAMP_STAMP_IRQHandler                    0x08000343   Thumb Code     0  startup_stm32f407xx.o(.text)
    TIM1_BRK_TIM9_IRQHandler                 0x08000343   Thumb Code     0  startup_stm32f407xx.o(.text)
    TIM1_CC_IRQHandler                       0x08000343   Thumb Code     0  startup_stm32f407xx.o(.text)
    TIM1_TRG_COM_TIM11_IRQHandler            0x08000343   Thumb Code     0  startup_stm32f407xx.o(.text)
    TIM2_IRQHandler                          0x08000343   Thumb Code     0  startup_stm32f407xx.o(.text)
    TIM3_IRQHandler                          0x08000343   Thumb Code     0  startup_stm32f407xx.o(.text)
    TIM4_IRQHandler                          0x08000343   Thumb Code     0  startup_stm32f407xx.o(.text)
    TIM5_IRQHandler                          0x08000343   Thumb Code     0  startup_stm32f407xx.o(.text)
    TIM6_DAC_IRQHandler                      0x08000343   Thumb Code     0  startup_stm32f407xx.o(.text)
    TIM7_IRQHandler                          0x08000343   Thumb Code     0  startup_stm32f407xx.o(.text)
    TIM8_BRK_TIM12_IRQHandler                0x08000343   Thumb Code     0  startup_stm32f407xx.o(.text)
    TIM8_CC_IRQHandler                       0x08000343   Thumb Code     0  startup_stm32f407xx.o(.text)
    TIM8_TRG_COM_TIM14_IRQHandler            0x08000343   Thumb Code     0  startup_stm32f407xx.o(.text)
    TIM8_UP_TIM13_IRQHandler                 0x08000343   Thumb Code     0  startup_stm32f407xx.o(.text)
    UART4_IRQHandler                         0x08000343   Thumb Code     0  startup_stm32f407xx.o(.text)
    UART5_IRQHandler                         0x08000343   Thumb Code     0  startup_stm32f407xx.o(.text)
    USART2_IRQHandler                        0x08000343   Thumb Code     0  startup_stm32f407xx.o(.text)
    USART6_IRQHandler                        0x08000343   Thumb Code     0  startup_stm32f407xx.o(.text)
    WWDG_IRQHandler                          0x08000343   Thumb Code     0  startup_stm32f407xx.o(.text)
    __user_initial_stackheap                 0x08000345   Thumb Code     0  startup_stm32f407xx.o(.text)
    __aeabi_uldivmod                         0x08000369   Thumb Code     0  lludivv7m.o(.text)
    _ll_udiv                                 0x08000369   Thumb Code   238  lludivv7m.o(.text)
    __aeabi_memcpy                           0x08000457   Thumb Code     0  rt_memcpy_v6.o(.text)
    __rt_memcpy                              0x08000457   Thumb Code   138  rt_memcpy_v6.o(.text)
    _memcpy_lastbytes                        0x080004bd   Thumb Code     0  rt_memcpy_v6.o(.text)
    __aeabi_memcpy4                          0x080004e1   Thumb Code     0  rt_memcpy_w.o(.text)
    __aeabi_memcpy8                          0x080004e1   Thumb Code     0  rt_memcpy_w.o(.text)
    __rt_memcpy_w                            0x080004e1   Thumb Code   100  rt_memcpy_w.o(.text)
    _memcpy_lastbytes_aligned                0x08000529   Thumb Code     0  rt_memcpy_w.o(.text)
    __aeabi_memset                           0x08000545   Thumb Code    16  aeabi_memset.o(.text)
    __aeabi_memclr4                          0x08000555   Thumb Code     0  rt_memclr_w.o(.text)
    __aeabi_memclr8                          0x08000555   Thumb Code     0  rt_memclr_w.o(.text)
    __rt_memclr_w                            0x08000555   Thumb Code    78  rt_memclr_w.o(.text)
    _memset_w                                0x08000559   Thumb Code     0  rt_memclr_w.o(.text)
    __use_two_region_memory                  0x080005a3   Thumb Code     2  heapauxi.o(.text)
    __rt_heap_escrow$2region                 0x080005a5   Thumb Code     2  heapauxi.o(.text)
    __rt_heap_expand$2region                 0x080005a7   Thumb Code     2  heapauxi.o(.text)
    __aeabi_memclr                           0x080005a9   Thumb Code     0  rt_memclr.o(.text)
    __rt_memclr                              0x080005a9   Thumb Code    68  rt_memclr.o(.text)
    _memset                                  0x080005ad   Thumb Code     0  rt_memclr.o(.text)
    __user_libspace                          0x080005ed   Thumb Code     8  libspace.o(.text)
    __user_perproc_libspace                  0x080005ed   Thumb Code     0  libspace.o(.text)
    __user_perthread_libspace                0x080005ed   Thumb Code     0  libspace.o(.text)
    __user_setup_stackheap                   0x080005f5   Thumb Code    74  sys_stackheap_outer.o(.text)
    exit                                     0x0800063f   Thumb Code    18  exit.o(.text)
    _sys_exit                                0x08000651   Thumb Code     8  sys_exit.o(.text)
    __I$use$semihosting                      0x0800065d   Thumb Code     0  use_no_semi.o(.text)
    __use_no_semihosting_swi                 0x0800065d   Thumb Code     2  use_no_semi.o(.text)
    BusFault_Handler                         0x0800065f   Thumb Code     2  stm32f4xx_it.o(i.BusFault_Handler)
    __semihosting_library_function           0x0800065f   Thumb Code     0  indicate_semi.o(.text)
    DMA1_Stream1_IRQHandler                  0x08000661   Thumb Code     6  stm32f4xx_it.o(i.DMA1_Stream1_IRQHandler)
    DMA1_Stream3_IRQHandler                  0x0800066d   Thumb Code     6  stm32f4xx_it.o(i.DMA1_Stream3_IRQHandler)
    DMA2_Stream2_IRQHandler                  0x08000679   Thumb Code     6  stm32f4xx_it.o(i.DMA2_Stream2_IRQHandler)
    DebugMon_Handler                         0x08000729   Thumb Code     2  stm32f4xx_it.o(i.DebugMon_Handler)
    Error_Handler                            0x0800072b   Thumb Code     4  main.o(i.Error_Handler)
    HAL_DMA_Abort                            0x0800072f   Thumb Code   146  stm32f4xx_hal_dma.o(i.HAL_DMA_Abort)
    HAL_DMA_Abort_IT                         0x080007c1   Thumb Code    36  stm32f4xx_hal_dma.o(i.HAL_DMA_Abort_IT)
    HAL_DMA_IRQHandler                       0x080007e5   Thumb Code   412  stm32f4xx_hal_dma.o(i.HAL_DMA_IRQHandler)
    HAL_DMA_Init                             0x08000985   Thumb Code   206  stm32f4xx_hal_dma.o(i.HAL_DMA_Init)
    HAL_DMA_Start_IT                         0x08000a59   Thumb Code   110  stm32f4xx_hal_dma.o(i.HAL_DMA_Start_IT)
    HAL_Delay                                0x08000ac9   Thumb Code    32  stm32f4xx_hal.o(i.HAL_Delay)
    HAL_GPIO_Init                            0x08000aed   Thumb Code   450  stm32f4xx_hal_gpio.o(i.HAL_GPIO_Init)
    HAL_GPIO_WritePin                        0x08000cdd   Thumb Code    10  stm32f4xx_hal_gpio.o(i.HAL_GPIO_WritePin)
    HAL_GetTick                              0x08000ce9   Thumb Code     6  stm32f4xx_hal.o(i.HAL_GetTick)
    HAL_IncTick                              0x08000cf5   Thumb Code    12  stm32f4xx_hal.o(i.HAL_IncTick)
    HAL_Init                                 0x08000d05   Thumb Code    48  stm32f4xx_hal.o(i.HAL_Init)
    HAL_InitTick                             0x08000d39   Thumb Code   120  stm32f4xx_hal_timebase_tim.o(i.HAL_InitTick)
    HAL_MspInit                              0x08000dc5   Thumb Code    52  stm32f4xx_hal_msp.o(i.HAL_MspInit)
    HAL_NVIC_EnableIRQ                       0x08000dfd   Thumb Code    26  stm32f4xx_hal_cortex.o(i.HAL_NVIC_EnableIRQ)
    HAL_NVIC_SetPriority                     0x08000e19   Thumb Code    60  stm32f4xx_hal_cortex.o(i.HAL_NVIC_SetPriority)
    HAL_NVIC_SetPriorityGrouping             0x08000e59   Thumb Code    26  stm32f4xx_hal_cortex.o(i.HAL_NVIC_SetPriorityGrouping)
    HAL_RCC_ClockConfig                      0x08000e7d   Thumb Code   288  stm32f4xx_hal_rcc.o(i.HAL_RCC_ClockConfig)
    HAL_RCC_GetClockConfig                   0x08000fb1   Thumb Code    54  stm32f4xx_hal_rcc.o(i.HAL_RCC_GetClockConfig)
    HAL_RCC_GetPCLK1Freq                     0x08000ff1   Thumb Code    20  stm32f4xx_hal_rcc.o(i.HAL_RCC_GetPCLK1Freq)
    HAL_RCC_GetPCLK2Freq                     0x08001011   Thumb Code    20  stm32f4xx_hal_rcc.o(i.HAL_RCC_GetPCLK2Freq)
    HAL_RCC_GetSysClockFreq                  0x08001031   Thumb Code    88  stm32f4xx_hal_rcc.o(i.HAL_RCC_GetSysClockFreq)
    HAL_RCC_OscConfig                        0x08001091   Thumb Code   856  stm32f4xx_hal_rcc.o(i.HAL_RCC_OscConfig)
    HAL_TIMEx_BreakCallback                  0x080013fd   Thumb Code     2  stm32f4xx_hal_tim_ex.o(i.HAL_TIMEx_BreakCallback)
    HAL_TIMEx_CommutCallback                 0x080013ff   Thumb Code     2  stm32f4xx_hal_tim_ex.o(i.HAL_TIMEx_CommutCallback)
    HAL_TIM_Base_Init                        0x08001401   Thumb Code    90  stm32f4xx_hal_tim.o(i.HAL_TIM_Base_Init)
    HAL_TIM_Base_MspInit                     0x0800145b   Thumb Code     2  stm32f4xx_hal_tim.o(i.HAL_TIM_Base_MspInit)
    HAL_TIM_Base_Start_IT                    0x0800145d   Thumb Code   100  stm32f4xx_hal_tim.o(i.HAL_TIM_Base_Start_IT)
    HAL_TIM_IC_CaptureCallback               0x080014dd   Thumb Code     2  stm32f4xx_hal_tim.o(i.HAL_TIM_IC_CaptureCallback)
    HAL_TIM_IRQHandler                       0x080014df   Thumb Code   304  stm32f4xx_hal_tim.o(i.HAL_TIM_IRQHandler)
    HAL_TIM_OC_DelayElapsedCallback          0x0800160f   Thumb Code     2  stm32f4xx_hal_tim.o(i.HAL_TIM_OC_DelayElapsedCallback)
    HAL_TIM_PWM_PulseFinishedCallback        0x08001611   Thumb Code     2  stm32f4xx_hal_tim.o(i.HAL_TIM_PWM_PulseFinishedCallback)
    HAL_TIM_PeriodElapsedCallback            0x08001615   Thumb Code    14  main.o(i.HAL_TIM_PeriodElapsedCallback)
    HAL_TIM_TriggerCallback                  0x08001629   Thumb Code     2  stm32f4xx_hal_tim.o(i.HAL_TIM_TriggerCallback)
    HAL_UARTEx_RxEventCallback               0x0800162b   Thumb Code     2  stm32f4xx_hal_uart.o(i.HAL_UARTEx_RxEventCallback)
    HAL_UART_ErrorCallback                   0x0800162d   Thumb Code     2  stm32f4xx_hal_uart.o(i.HAL_UART_ErrorCallback)
    HAL_UART_IRQHandler                      0x08001631   Thumb Code   636  stm32f4xx_hal_uart.o(i.HAL_UART_IRQHandler)
    HAL_UART_Init                            0x080018b1   Thumb Code   100  stm32f4xx_hal_uart.o(i.HAL_UART_Init)
    HAL_UART_MspInit                         0x08001915   Thumb Code   336  usart.o(i.HAL_UART_MspInit)
    HAL_UART_Receive_DMA                     0x08001a85   Thumb Code    28  stm32f4xx_hal_uart.o(i.HAL_UART_Receive_DMA)
    HAL_UART_RxCpltCallback                  0x08001aa1   Thumb Code    68  main.o(i.HAL_UART_RxCpltCallback)
    HAL_UART_RxHalfCpltCallback              0x08001af5   Thumb Code     2  stm32f4xx_hal_uart.o(i.HAL_UART_RxHalfCpltCallback)
    HAL_UART_TxCpltCallback                  0x08001af7   Thumb Code     2  stm32f4xx_hal_uart.o(i.HAL_UART_TxCpltCallback)
    HardFault_Handler                        0x08001af9   Thumb Code     2  stm32f4xx_it.o(i.HardFault_Handler)
    LCD_Clear                                0x08001afd   Thumb Code    42  lcd.o(i.LCD_Clear)
    LCD_Display_Dir                          0x08001b2d   Thumb Code   196  lcd.o(i.LCD_Display_Dir)
    LCD_DrawLine                             0x08001bf5   Thumb Code   154  lcd.o(i.LCD_DrawLine)
    LCD_DrawPoint                            0x08001c91   Thumb Code    22  lcd.o(i.LCD_DrawPoint)
    LCD_DrawRectangle                        0x08001cad   Thumb Code    58  lcd.o(i.LCD_DrawRectangle)
    LCD_Init                                 0x08001ce9   Thumb Code   520  lcd.o(i.LCD_Init)
    LCD_SetCursor                            0x08001ef9   Thumb Code    48  lcd.o(i.LCD_SetCursor)
    LCD_WR_DATA                              0x08001f2d   Thumb Code   108  lcd.o(i.LCD_WR_DATA)
    LCD_WR_REG                               0x08001fa1   Thumb Code   108  lcd.o(i.LCD_WR_REG)
    LCD_WriteRAM                             0x08002015   Thumb Code   108  lcd.o(i.LCD_WriteRAM)
    LCD_WriteRAM_Prepare                     0x08002089   Thumb Code     8  lcd.o(i.LCD_WriteRAM_Prepare)
    MX_DMA_Init                              0x08002095   Thumb Code    88  dma.o(i.MX_DMA_Init)
    MX_FREERTOS_Init                         0x080020f1   Thumb Code    32  freertos.o(i.MX_FREERTOS_Init)
    MX_GPIO_Init                             0x08002121   Thumb Code   270  gpio.o(i.MX_GPIO_Init)
    MX_USART1_UART_Init                      0x08002241   Thumb Code    48  usart.o(i.MX_USART1_UART_Init)
    MX_USART3_UART_Init                      0x08002279   Thumb Code    48  usart.o(i.MX_USART3_UART_Init)
    MemManage_Handler                        0x080022b1   Thumb Code     2  stm32f4xx_it.o(i.MemManage_Handler)
    NMI_Handler                              0x080022b3   Thumb Code     2  stm32f4xx_it.o(i.NMI_Handler)
    StartDefaultTask                         0x080022b5   Thumb Code     8  freertos.o(i.StartDefaultTask)
    StartTask02                              0x080022bd   Thumb Code    78  freertos.o(i.StartTask02)
    SysTick_Handler                          0x0800230b   Thumb Code    26  cmsis_os2.o(i.SysTick_Handler)
    SystemClock_Config                       0x08002325   Thumb Code   140  main.o(i.SystemClock_Config)
    SystemInit                               0x080023b9   Thumb Code    12  system_stm32f4xx.o(i.SystemInit)
    TIM1_UP_TIM10_IRQHandler                 0x080023c9   Thumb Code     6  stm32f4xx_it.o(i.TIM1_UP_TIM10_IRQHandler)
    TIM_Base_SetConfig                       0x080023d5   Thumb Code   164  stm32f4xx_hal_tim.o(i.TIM_Base_SetConfig)
    UART_Start_Receive_DMA                   0x080027d9   Thumb Code   146  stm32f4xx_hal_uart.o(i.UART_Start_Receive_DMA)
    USART1_IRQHandler                        0x08002879   Thumb Code     6  stm32f4xx_it.o(i.USART1_IRQHandler)
    USART3_IRQHandler                        0x08002885   Thumb Code     6  stm32f4xx_it.o(i.USART3_IRQHandler)
    UsageFault_Handler                       0x08002891   Thumb Code     2  stm32f4xx_it.o(i.UsageFault_Handler)
    main                                     0x080028b5   Thumb Code    82  main.o(i.main)
    osDelay                                  0x08002919   Thumb Code    26  cmsis_os2.o(i.osDelay)
    osKernelInitialize                       0x08002935   Thumb Code    32  cmsis_os2.o(i.osKernelInitialize)
    osKernelStart                            0x08002959   Thumb Code    48  cmsis_os2.o(i.osKernelStart)
    osThreadNew                              0x08002991   Thumb Code   138  cmsis_os2.o(i.osThreadNew)
    pvPortMalloc                             0x080031b1   Thumb Code   216  heap_4.o(i.pvPortMalloc)
    pxPortInitialiseStack                    0x0800328d   Thumb Code    40  port.o(i.pxPortInitialiseStack)
    uxListRemove                             0x080032b9   Thumb Code    38  list.o(i.uxListRemove)
    vApplicationGetIdleTaskMemory            0x080032e1   Thumb Code    16  cmsis_os2.o(i.vApplicationGetIdleTaskMemory)
    vApplicationGetTimerTaskMemory           0x080032f5   Thumb Code    18  cmsis_os2.o(i.vApplicationGetTimerTaskMemory)
    vApplicationTickHook                     0x0800330d   Thumb Code     2  freertos.o(i.vApplicationTickHook)
    vListInitialise                          0x0800330f   Thumb Code    22  list.o(i.vListInitialise)
    vListInitialiseItem                      0x08003325   Thumb Code     6  list.o(i.vListInitialiseItem)
    vListInsert                              0x0800332b   Thumb Code    48  list.o(i.vListInsert)
    vListInsertEnd                           0x0800335b   Thumb Code    24  list.o(i.vListInsertEnd)
    vPortEnterCritical                       0x08003375   Thumb Code    54  port.o(i.vPortEnterCritical)
    vPortExitCritical                        0x080033b5   Thumb Code    34  port.o(i.vPortExitCritical)
    vPortFree                                0x080033dd   Thumb Code    94  heap_4.o(i.vPortFree)
    vPortSetupTimerInterrupt                 0x08003441   Thumb Code    32  port.o(i.vPortSetupTimerInterrupt)
    vPortValidateInterruptPriority           0x08003465   Thumb Code    74  port.o(i.vPortValidateInterruptPriority)
    vQueueAddToRegistry                      0x080034b9   Thumb Code    34  queue.o(i.vQueueAddToRegistry)
    vQueueWaitForMessageRestricted           0x080034e1   Thumb Code    68  queue.o(i.vQueueWaitForMessageRestricted)
    vTaskDelay                               0x08003525   Thumb Code    66  tasks.o(i.vTaskDelay)
    vTaskInternalSetTimeOutState             0x08003571   Thumb Code    12  tasks.o(i.vTaskInternalSetTimeOutState)
    vTaskMissedYield                         0x08003581   Thumb Code     8  tasks.o(i.vTaskMissedYield)
    vTaskPlaceOnEventList                    0x0800358d   Thumb Code    44  tasks.o(i.vTaskPlaceOnEventList)
    vTaskPlaceOnEventListRestricted          0x080035bd   Thumb Code    52  tasks.o(i.vTaskPlaceOnEventListRestricted)
    vTaskStartScheduler                      0x080035f5   Thumb Code   118  tasks.o(i.vTaskStartScheduler)
    vTaskSuspendAll                          0x0800367d   Thumb Code    10  tasks.o(i.vTaskSuspendAll)
    vTaskSwitchContext                       0x0800368d   Thumb Code    90  tasks.o(i.vTaskSwitchContext)
    xPortStartScheduler                      0x080036f1   Thumb Code   222  port.o(i.xPortStartScheduler)
    xPortSysTickHandler                      0x080037e5   Thumb Code    38  port.o(i.xPortSysTickHandler)
    xQueueGenericCreateStatic                0x08003811   Thumb Code   102  queue.o(i.xQueueGenericCreateStatic)
    xQueueGenericReset                       0x08003879   Thumb Code   132  queue.o(i.xQueueGenericReset)
    xQueueGenericSend                        0x08003901   Thumb Code   346  queue.o(i.xQueueGenericSend)
    xQueueGenericSendFromISR                 0x08003a61   Thumb Code   190  queue.o(i.xQueueGenericSendFromISR)
    xQueueReceive                            0x08003b21   Thumb Code   308  queue.o(i.xQueueReceive)
    xTaskCheckForTimeOut                     0x08003c59   Thumb Code   112  tasks.o(i.xTaskCheckForTimeOut)
    xTaskCreate                              0x08003ccd   Thumb Code    90  tasks.o(i.xTaskCreate)
    xTaskCreateStatic                        0x08003d27   Thumb Code    86  tasks.o(i.xTaskCreateStatic)
    xTaskGetSchedulerState                   0x08003d7d   Thumb Code    22  tasks.o(i.xTaskGetSchedulerState)
    xTaskGetTickCount                        0x08003d99   Thumb Code     6  tasks.o(i.xTaskGetTickCount)
    xTaskIncrementTick                       0x08003da5   Thumb Code   206  tasks.o(i.xTaskIncrementTick)
    xTaskPriorityDisinherit                  0x08003e7d   Thumb Code   118  tasks.o(i.xTaskPriorityDisinherit)
    xTaskRemoveFromEventList                 0x08003efd   Thumb Code    98  tasks.o(i.xTaskRemoveFromEventList)
    xTaskResumeAll                           0x08003f6d   Thumb Code   182  tasks.o(i.xTaskResumeAll)
    xTimerCreateTimerTask                    0x08004031   Thumb Code    78  timers.o(i.xTimerCreateTimerTask)
    xTimerGenericCommand                     0x08004091   Thumb Code    98  timers.o(i.xTimerGenericCommand)
    _fp_init                                 0x080040f9   Thumb Code    10  fpinit.o(x$fpl$fpinit)
    __fplib_config_fpu_vfp                   0x08004101   Thumb Code     0  fpinit.o(x$fpl$fpinit)
    __fplib_config_pureend_doubles           0x08004101   Thumb Code     0  fpinit.o(x$fpl$fpinit)
    defaultTask_attributes                   0x08004104   Data          36  freertos.o(.constdata)
    myTask02_attributes                      0x08004128   Data          36  freertos.o(.constdata)
    AHBPrescTable                            0x08004154   Data          16  system_stm32f4xx.o(.constdata)
    APBPrescTable                            0x08004164   Data           8  system_stm32f4xx.o(.constdata)
    Region$$Table$$Base                      0x08004184   Number         0  anon$$obj.o(Region$$Table)
    Region$$Table$$Limit                     0x080041a4   Number         0  anon$$obj.o(Region$$Table)
    rxIndex                                  0x20000000   Data           1  main.o(.data)
    frameReceived                            0x20000001   Data           1  main.o(.data)
    defaultTaskHandle                        0x20000004   Data           4  freertos.o(.data)
    myTask02Handle                           0x20000008   Data           4  freertos.o(.data)
    uwTickFreq                               0x2000000c   Data           1  stm32f4xx_hal.o(.data)
    uwTickPrio                               0x20000010   Data           4  stm32f4xx_hal.o(.data)
    uwTick                                   0x20000014   Data           4  stm32f4xx_hal.o(.data)
    SystemCoreClock                          0x20000018   Data           4  system_stm32f4xx.o(.data)
    pxCurrentTCB                             0x2000001c   Data           4  tasks.o(.data)
    POINT_COLOR                              0x2000009c   Data           2  lcd.o(.data)
    BACK_COLOR                               0x2000009e   Data           2  lcd.o(.data)
    tfont16                                  0x200000a0   Data        1768  lcd.o(.data)
    tfont24                                  0x20000788   Data         444  lcd.o(.data)
    tfont32                                  0x20000944   Data        1040  lcd.o(.data)
    receive_data_R                           0x20000d54   Data          80  main.o(.bss)
    rxBuffer                                 0x20000da4   Data          50  main.o(.bss)
    huart1                                   0x20000dd8   Data          72  usart.o(.bss)
    huart3                                   0x20000e20   Data          72  usart.o(.bss)
    hdma_usart1_rx                           0x20000e68   Data          96  usart.o(.bss)
    hdma_usart3_tx                           0x20000ec8   Data          96  usart.o(.bss)
    hdma_usart3_rx                           0x20000f28   Data          96  usart.o(.bss)
    htim1                                    0x20000f88   Data          72  stm32f4xx_hal_timebase_tim.o(.bss)
    xQueueRegistry                           0x20000fd0   Data          64  queue.o(.bss)
    lcddev                                   0x200058a4   Data          14  lcd.o(.bss)
    __libspace_start                         0x200058b4   Data          96  libspace.o(.bss)
    __temporary_stack_top$libspace           0x20005914   Data           0  libspace.o(.bss)



==============================================================================

Memory Map of the image

  Image Entry point : 0x08000189

  Load Region LR_IROM1 (Base: 0x08000000, Size: 0x00004ef8, Max: 0x00080000, ABSOLUTE, COMPRESSED[0x00004b54])

    Execution Region ER_IROM1 (Exec base: 0x08000000, Load base: 0x08000000, Size: 0x000041a4, Max: 0x00080000, ABSOLUTE)

    Exec Addr    Load Addr    Size         Type   Attr      Idx    E Section Name        Object

    0x08000000   0x08000000   0x00000188   Data   RO            3    RESET               startup_stm32f407xx.o
    0x08000188   0x08000188   0x00000008   Code   RO         5554  * !!!main             c_w.l(__main.o)
    0x08000190   0x08000190   0x00000034   Code   RO         5946    !!!scatter          c_w.l(__scatter.o)
    0x080001c4   0x080001c4   0x0000005a   Code   RO         5944    !!dczerorl2         c_w.l(__dczerorl2.o)
    0x0800021e   0x0800021e   0x00000002   PAD
    0x08000220   0x08000220   0x0000001c   Code   RO         5948    !!handler_zi        c_w.l(__scatter_zi.o)
    0x0800023c   0x0800023c   0x00000002   Code   RO         5810    .ARM.Collect$$libinit$$00000000  c_w.l(libinit.o)
    0x0800023e   0x0800023e   0x00000004   Code   RO         5826    .ARM.Collect$$libinit$$00000001  c_w.l(libinit2.o)
    0x08000242   0x08000242   0x00000000   Code   RO         5829    .ARM.Collect$$libinit$$00000004  c_w.l(libinit2.o)
    0x08000242   0x08000242   0x00000000   Code   RO         5832    .ARM.Collect$$libinit$$0000000A  c_w.l(libinit2.o)
    0x08000242   0x08000242   0x00000000   Code   RO         5834    .ARM.Collect$$libinit$$0000000C  c_w.l(libinit2.o)
    0x08000242   0x08000242   0x00000000   Code   RO         5836    .ARM.Collect$$libinit$$0000000E  c_w.l(libinit2.o)
    0x08000242   0x08000242   0x00000000   Code   RO         5839    .ARM.Collect$$libinit$$00000011  c_w.l(libinit2.o)
    0x08000242   0x08000242   0x00000000   Code   RO         5841    .ARM.Collect$$libinit$$00000013  c_w.l(libinit2.o)
    0x08000242   0x08000242   0x00000000   Code   RO         5843    .ARM.Collect$$libinit$$00000015  c_w.l(libinit2.o)
    0x08000242   0x08000242   0x00000000   Code   RO         5845    .ARM.Collect$$libinit$$00000017  c_w.l(libinit2.o)
    0x08000242   0x08000242   0x00000000   Code   RO         5847    .ARM.Collect$$libinit$$00000019  c_w.l(libinit2.o)
    0x08000242   0x08000242   0x00000000   Code   RO         5849    .ARM.Collect$$libinit$$0000001B  c_w.l(libinit2.o)
    0x08000242   0x08000242   0x00000000   Code   RO         5851    .ARM.Collect$$libinit$$0000001D  c_w.l(libinit2.o)
    0x08000242   0x08000242   0x00000000   Code   RO         5853    .ARM.Collect$$libinit$$0000001F  c_w.l(libinit2.o)
    0x08000242   0x08000242   0x00000000   Code   RO         5855    .ARM.Collect$$libinit$$00000021  c_w.l(libinit2.o)
    0x08000242   0x08000242   0x00000000   Code   RO         5857    .ARM.Collect$$libinit$$00000023  c_w.l(libinit2.o)
    0x08000242   0x08000242   0x00000000   Code   RO         5859    .ARM.Collect$$libinit$$00000025  c_w.l(libinit2.o)
    0x08000242   0x08000242   0x00000000   Code   RO         5863    .ARM.Collect$$libinit$$0000002C  c_w.l(libinit2.o)
    0x08000242   0x08000242   0x00000000   Code   RO         5865    .ARM.Collect$$libinit$$0000002E  c_w.l(libinit2.o)
    0x08000242   0x08000242   0x00000000   Code   RO         5867    .ARM.Collect$$libinit$$00000030  c_w.l(libinit2.o)
    0x08000242   0x08000242   0x00000000   Code   RO         5869    .ARM.Collect$$libinit$$00000032  c_w.l(libinit2.o)
    0x08000242   0x08000242   0x00000002   Code   RO         5870    .ARM.Collect$$libinit$$00000033  c_w.l(libinit2.o)
    0x08000244   0x08000244   0x00000002   Code   RO         5901    .ARM.Collect$$libshutdown$$00000000  c_w.l(libshutdown.o)
    0x08000246   0x08000246   0x00000000   Code   RO         5927    .ARM.Collect$$libshutdown$$00000002  c_w.l(libshutdown2.o)
    0x08000246   0x08000246   0x00000000   Code   RO         5929    .ARM.Collect$$libshutdown$$00000004  c_w.l(libshutdown2.o)
    0x08000246   0x08000246   0x00000000   Code   RO         5932    .ARM.Collect$$libshutdown$$00000007  c_w.l(libshutdown2.o)
    0x08000246   0x08000246   0x00000000   Code   RO         5935    .ARM.Collect$$libshutdown$$0000000A  c_w.l(libshutdown2.o)
    0x08000246   0x08000246   0x00000000   Code   RO         5937    .ARM.Collect$$libshutdown$$0000000C  c_w.l(libshutdown2.o)
    0x08000246   0x08000246   0x00000000   Code   RO         5940    .ARM.Collect$$libshutdown$$0000000F  c_w.l(libshutdown2.o)
    0x08000246   0x08000246   0x00000002   Code   RO         5941    .ARM.Collect$$libshutdown$$00000010  c_w.l(libshutdown2.o)
    0x08000248   0x08000248   0x00000000   Code   RO         5606    .ARM.Collect$$rtentry$$00000000  c_w.l(__rtentry.o)
    0x08000248   0x08000248   0x00000000   Code   RO         5717    .ARM.Collect$$rtentry$$00000002  c_w.l(__rtentry2.o)
    0x08000248   0x08000248   0x00000006   Code   RO         5729    .ARM.Collect$$rtentry$$00000004  c_w.l(__rtentry4.o)
    0x0800024e   0x0800024e   0x00000000   Code   RO         5719    .ARM.Collect$$rtentry$$00000009  c_w.l(__rtentry2.o)
    0x0800024e   0x0800024e   0x00000004   Code   RO         5720    .ARM.Collect$$rtentry$$0000000A  c_w.l(__rtentry2.o)
    0x08000252   0x08000252   0x00000000   Code   RO         5722    .ARM.Collect$$rtentry$$0000000C  c_w.l(__rtentry2.o)
    0x08000252   0x08000252   0x00000008   Code   RO         5723    .ARM.Collect$$rtentry$$0000000D  c_w.l(__rtentry2.o)
    0x0800025a   0x0800025a   0x00000002   Code   RO         5813    .ARM.Collect$$rtexit$$00000000  c_w.l(rtexit.o)
    0x0800025c   0x0800025c   0x00000000   Code   RO         5874    .ARM.Collect$$rtexit$$00000002  c_w.l(rtexit2.o)
    0x0800025c   0x0800025c   0x00000004   Code   RO         5875    .ARM.Collect$$rtexit$$00000003  c_w.l(rtexit2.o)
    0x08000260   0x08000260   0x00000006   Code   RO         5876    .ARM.Collect$$rtexit$$00000004  c_w.l(rtexit2.o)
    0x08000266   0x08000266   0x00000002   PAD
    0x08000268   0x08000268   0x000000be   Code   RO         4748    .emb_text           port.o
    0x08000326   0x08000326   0x00000002   PAD
    0x08000328   0x08000328   0x00000040   Code   RO            4    .text               startup_stm32f407xx.o
    0x08000368   0x08000368   0x000000ee   Code   RO         5485    .text               c_w.l(lludivv7m.o)
    0x08000456   0x08000456   0x0000008a   Code   RO         5542    .text               c_w.l(rt_memcpy_v6.o)
    0x080004e0   0x080004e0   0x00000064   Code   RO         5544    .text               c_w.l(rt_memcpy_w.o)
    0x08000544   0x08000544   0x00000010   Code   RO         5548    .text               c_w.l(aeabi_memset.o)
    0x08000554   0x08000554   0x0000004e   Code   RO         5550    .text               c_w.l(rt_memclr_w.o)
    0x080005a2   0x080005a2   0x00000006   Code   RO         5552    .text               c_w.l(heapauxi.o)
    0x080005a8   0x080005a8   0x00000044   Code   RO         5660    .text               c_w.l(rt_memclr.o)
    0x080005ec   0x080005ec   0x00000008   Code   RO         5757    .text               c_w.l(libspace.o)
    0x080005f4   0x080005f4   0x0000004a   Code   RO         5760    .text               c_w.l(sys_stackheap_outer.o)
    0x0800063e   0x0800063e   0x00000012   Code   RO         5799    .text               c_w.l(exit.o)
    0x08000650   0x08000650   0x0000000c   Code   RO         5871    .text               c_w.l(sys_exit.o)
    0x0800065c   0x0800065c   0x00000002   Code   RO         5890    .text               c_w.l(use_no_semi.o)
    0x0800065e   0x0800065e   0x00000000   Code   RO         5892    .text               c_w.l(indicate_semi.o)
    0x0800065e   0x0800065e   0x00000002   Code   RO          383    i.BusFault_Handler  stm32f4xx_it.o
    0x08000660   0x08000660   0x0000000c   Code   RO          384    i.DMA1_Stream1_IRQHandler  stm32f4xx_it.o
    0x0800066c   0x0800066c   0x0000000c   Code   RO          385    i.DMA1_Stream3_IRQHandler  stm32f4xx_it.o
    0x08000678   0x08000678   0x0000000c   Code   RO          386    i.DMA2_Stream2_IRQHandler  stm32f4xx_it.o
    0x08000684   0x08000684   0x00000028   Code   RO         1972    i.DMA_CalcBaseAndBitshift  stm32f4xx_hal_dma.o
    0x080006ac   0x080006ac   0x00000054   Code   RO         1973    i.DMA_CheckFifoParam  stm32f4xx_hal_dma.o
    0x08000700   0x08000700   0x00000028   Code   RO         1974    i.DMA_SetConfig     stm32f4xx_hal_dma.o
    0x08000728   0x08000728   0x00000002   Code   RO          387    i.DebugMon_Handler  stm32f4xx_it.o
    0x0800072a   0x0800072a   0x00000004   Code   RO           13    i.Error_Handler     main.o
    0x0800072e   0x0800072e   0x00000092   Code   RO         1975    i.HAL_DMA_Abort     stm32f4xx_hal_dma.o
    0x080007c0   0x080007c0   0x00000024   Code   RO         1976    i.HAL_DMA_Abort_IT  stm32f4xx_hal_dma.o
    0x080007e4   0x080007e4   0x000001a0   Code   RO         1980    i.HAL_DMA_IRQHandler  stm32f4xx_hal_dma.o
    0x08000984   0x08000984   0x000000d4   Code   RO         1981    i.HAL_DMA_Init      stm32f4xx_hal_dma.o
    0x08000a58   0x08000a58   0x0000006e   Code   RO         1985    i.HAL_DMA_Start_IT  stm32f4xx_hal_dma.o
    0x08000ac6   0x08000ac6   0x00000002   PAD
    0x08000ac8   0x08000ac8   0x00000024   Code   RO         2412    i.HAL_Delay         stm32f4xx_hal.o
    0x08000aec   0x08000aec   0x000001f0   Code   RO         1868    i.HAL_GPIO_Init     stm32f4xx_hal_gpio.o
    0x08000cdc   0x08000cdc   0x0000000a   Code   RO         1872    i.HAL_GPIO_WritePin  stm32f4xx_hal_gpio.o
    0x08000ce6   0x08000ce6   0x00000002   PAD
    0x08000ce8   0x08000ce8   0x0000000c   Code   RO         2418    i.HAL_GetTick       stm32f4xx_hal.o
    0x08000cf4   0x08000cf4   0x00000010   Code   RO         2424    i.HAL_IncTick       stm32f4xx_hal.o
    0x08000d04   0x08000d04   0x00000034   Code   RO         2425    i.HAL_Init          stm32f4xx_hal.o
    0x08000d38   0x08000d38   0x0000008c   Code   RO          501    i.HAL_InitTick      stm32f4xx_hal_timebase_tim.o
    0x08000dc4   0x08000dc4   0x00000038   Code   RO          477    i.HAL_MspInit       stm32f4xx_hal_msp.o
    0x08000dfc   0x08000dfc   0x0000001a   Code   RO         2260    i.HAL_NVIC_EnableIRQ  stm32f4xx_hal_cortex.o
    0x08000e16   0x08000e16   0x00000002   PAD
    0x08000e18   0x08000e18   0x00000040   Code   RO         2266    i.HAL_NVIC_SetPriority  stm32f4xx_hal_cortex.o
    0x08000e58   0x08000e58   0x00000024   Code   RO         2267    i.HAL_NVIC_SetPriorityGrouping  stm32f4xx_hal_cortex.o
    0x08000e7c   0x08000e7c   0x00000134   Code   RO         1514    i.HAL_RCC_ClockConfig  stm32f4xx_hal_rcc.o
    0x08000fb0   0x08000fb0   0x00000040   Code   RO         1518    i.HAL_RCC_GetClockConfig  stm32f4xx_hal_rcc.o
    0x08000ff0   0x08000ff0   0x00000020   Code   RO         1521    i.HAL_RCC_GetPCLK1Freq  stm32f4xx_hal_rcc.o
    0x08001010   0x08001010   0x00000020   Code   RO         1522    i.HAL_RCC_GetPCLK2Freq  stm32f4xx_hal_rcc.o
    0x08001030   0x08001030   0x00000060   Code   RO         1523    i.HAL_RCC_GetSysClockFreq  stm32f4xx_hal_rcc.o
    0x08001090   0x08001090   0x0000036c   Code   RO         1526    i.HAL_RCC_OscConfig  stm32f4xx_hal_rcc.o
    0x080013fc   0x080013fc   0x00000002   Code   RO         1246    i.HAL_TIMEx_BreakCallback  stm32f4xx_hal_tim_ex.o
    0x080013fe   0x080013fe   0x00000002   Code   RO         1247    i.HAL_TIMEx_CommutCallback  stm32f4xx_hal_tim_ex.o
    0x08001400   0x08001400   0x0000005a   Code   RO          542    i.HAL_TIM_Base_Init  stm32f4xx_hal_tim.o
    0x0800145a   0x0800145a   0x00000002   Code   RO          544    i.HAL_TIM_Base_MspInit  stm32f4xx_hal_tim.o
    0x0800145c   0x0800145c   0x00000080   Code   RO          547    i.HAL_TIM_Base_Start_IT  stm32f4xx_hal_tim.o
    0x080014dc   0x080014dc   0x00000002   Code   RO          576    i.HAL_TIM_IC_CaptureCallback  stm32f4xx_hal_tim.o
    0x080014de   0x080014de   0x00000130   Code   RO          590    i.HAL_TIM_IRQHandler  stm32f4xx_hal_tim.o
    0x0800160e   0x0800160e   0x00000002   Code   RO          593    i.HAL_TIM_OC_DelayElapsedCallback  stm32f4xx_hal_tim.o
    0x08001610   0x08001610   0x00000002   Code   RO          620    i.HAL_TIM_PWM_PulseFinishedCallback  stm32f4xx_hal_tim.o
    0x08001612   0x08001612   0x00000002   PAD
    0x08001614   0x08001614   0x00000014   Code   RO           14    i.HAL_TIM_PeriodElapsedCallback  main.o
    0x08001628   0x08001628   0x00000002   Code   RO          633    i.HAL_TIM_TriggerCallback  stm32f4xx_hal_tim.o
    0x0800162a   0x0800162a   0x00000002   Code   RO         2675    i.HAL_UARTEx_RxEventCallback  stm32f4xx_hal_uart.o
    0x0800162c   0x0800162c   0x00000002   Code   RO         2689    i.HAL_UART_ErrorCallback  stm32f4xx_hal_uart.o
    0x0800162e   0x0800162e   0x00000002   PAD
    0x08001630   0x08001630   0x00000280   Code   RO         2692    i.HAL_UART_IRQHandler  stm32f4xx_hal_uart.o
    0x080018b0   0x080018b0   0x00000064   Code   RO         2693    i.HAL_UART_Init     stm32f4xx_hal_uart.o
    0x08001914   0x08001914   0x00000170   Code   RO          336    i.HAL_UART_MspInit  usart.o
    0x08001a84   0x08001a84   0x0000001c   Code   RO         2697    i.HAL_UART_Receive_DMA  stm32f4xx_hal_uart.o
    0x08001aa0   0x08001aa0   0x00000054   Code   RO           15    i.HAL_UART_RxCpltCallback  main.o
    0x08001af4   0x08001af4   0x00000002   Code   RO         2700    i.HAL_UART_RxHalfCpltCallback  stm32f4xx_hal_uart.o
    0x08001af6   0x08001af6   0x00000002   Code   RO         2704    i.HAL_UART_TxCpltCallback  stm32f4xx_hal_uart.o
    0x08001af8   0x08001af8   0x00000002   Code   RO          388    i.HardFault_Handler  stm32f4xx_it.o
    0x08001afa   0x08001afa   0x00000002   PAD
    0x08001afc   0x08001afc   0x00000030   Code   RO         5144    i.LCD_Clear         lcd.o
    0x08001b2c   0x08001b2c   0x000000c8   Code   RO         5148    i.LCD_Display_Dir   lcd.o
    0x08001bf4   0x08001bf4   0x0000009a   Code   RO         5149    i.LCD_DrawLine      lcd.o
    0x08001c8e   0x08001c8e   0x00000002   PAD
    0x08001c90   0x08001c90   0x0000001c   Code   RO         5150    i.LCD_DrawPoint     lcd.o
    0x08001cac   0x08001cac   0x0000003a   Code   RO         5151    i.LCD_DrawRectangle  lcd.o
    0x08001ce6   0x08001ce6   0x00000002   PAD
    0x08001ce8   0x08001ce8   0x00000210   Code   RO         5155    i.LCD_Init          lcd.o
    0x08001ef8   0x08001ef8   0x00000034   Code   RO         5158    i.LCD_SetCursor     lcd.o
    0x08001f2c   0x08001f2c   0x00000074   Code   RO         5164    i.LCD_WR_DATA       lcd.o
    0x08001fa0   0x08001fa0   0x00000074   Code   RO         5165    i.LCD_WR_REG        lcd.o
    0x08002014   0x08002014   0x00000074   Code   RO         5166    i.LCD_WriteRAM      lcd.o
    0x08002088   0x08002088   0x0000000c   Code   RO         5167    i.LCD_WriteRAM_Prepare  lcd.o
    0x08002094   0x08002094   0x0000005c   Code   RO          311    i.MX_DMA_Init       dma.o
    0x080020f0   0x080020f0   0x00000030   Code   RO          232    i.MX_FREERTOS_Init  freertos.o
    0x08002120   0x08002120   0x00000120   Code   RO          208    i.MX_GPIO_Init      gpio.o
    0x08002240   0x08002240   0x00000038   Code   RO          337    i.MX_USART1_UART_Init  usart.o
    0x08002278   0x08002278   0x00000038   Code   RO          338    i.MX_USART3_UART_Init  usart.o
    0x080022b0   0x080022b0   0x00000002   Code   RO          389    i.MemManage_Handler  stm32f4xx_it.o
    0x080022b2   0x080022b2   0x00000002   Code   RO          390    i.NMI_Handler       stm32f4xx_it.o
    0x080022b4   0x080022b4   0x00000008   Code   RO          233    i.StartDefaultTask  freertos.o
    0x080022bc   0x080022bc   0x0000004e   Code   RO          234    i.StartTask02       freertos.o
    0x0800230a   0x0800230a   0x0000001a   Code   RO         4174    i.SysTick_Handler   cmsis_os2.o
    0x08002324   0x08002324   0x00000094   Code   RO           16    i.SystemClock_Config  main.o
    0x080023b8   0x080023b8   0x00000010   Code   RO         3027    i.SystemInit        system_stm32f4xx.o
    0x080023c8   0x080023c8   0x0000000c   Code   RO          391    i.TIM1_UP_TIM10_IRQHandler  stm32f4xx_it.o
    0x080023d4   0x080023d4   0x000000d0   Code   RO          635    i.TIM_Base_SetConfig  stm32f4xx_hal_tim.o
    0x080024a4   0x080024a4   0x0000000e   Code   RO         2706    i.UART_DMAAbortOnError  stm32f4xx_hal_uart.o
    0x080024b2   0x080024b2   0x0000004a   Code   RO         2707    i.UART_DMAError     stm32f4xx_hal_uart.o
    0x080024fc   0x080024fc   0x00000086   Code   RO         2708    i.UART_DMAReceiveCplt  stm32f4xx_hal_uart.o
    0x08002582   0x08002582   0x0000001e   Code   RO         2710    i.UART_DMARxHalfCplt  stm32f4xx_hal_uart.o
    0x080025a0   0x080025a0   0x0000004e   Code   RO         2716    i.UART_EndRxTransfer  stm32f4xx_hal_uart.o
    0x080025ee   0x080025ee   0x0000001c   Code   RO         2717    i.UART_EndTxTransfer  stm32f4xx_hal_uart.o
    0x0800260a   0x0800260a   0x000000c2   Code   RO         2718    i.UART_Receive_IT   stm32f4xx_hal_uart.o
    0x080026cc   0x080026cc   0x0000010c   Code   RO         2719    i.UART_SetConfig    stm32f4xx_hal_uart.o
    0x080027d8   0x080027d8   0x000000a0   Code   RO         2720    i.UART_Start_Receive_DMA  stm32f4xx_hal_uart.o
    0x08002878   0x08002878   0x0000000c   Code   RO          392    i.USART1_IRQHandler  stm32f4xx_it.o
    0x08002884   0x08002884   0x0000000c   Code   RO          393    i.USART3_IRQHandler  stm32f4xx_it.o
    0x08002890   0x08002890   0x00000002   Code   RO          394    i.UsageFault_Handler  stm32f4xx_it.o
    0x08002892   0x08002892   0x00000020   Code   RO         2273    i.__NVIC_SetPriority  stm32f4xx_hal_cortex.o
    0x080028b2   0x080028b2   0x00000002   PAD
    0x080028b4   0x080028b4   0x00000064   Code   RO           17    i.main              main.o
    0x08002918   0x08002918   0x0000001a   Code   RO         4176    i.osDelay           cmsis_os2.o
    0x08002932   0x08002932   0x00000002   PAD
    0x08002934   0x08002934   0x00000024   Code   RO         4190    i.osKernelInitialize  cmsis_os2.o
    0x08002958   0x08002958   0x00000038   Code   RO         4193    i.osKernelStart     cmsis_os2.o
    0x08002990   0x08002990   0x0000008a   Code   RO         4235    i.osThreadNew       cmsis_os2.o
    0x08002a1a   0x08002a1a   0x00000002   PAD
    0x08002a1c   0x08002a1c   0x0000005c   Code   RO         3635    i.prvAddCurrentTaskToDelayedList  tasks.o
    0x08002a78   0x08002a78   0x000000d0   Code   RO         3636    i.prvAddNewTaskToReadyList  tasks.o
    0x08002b48   0x08002b48   0x00000058   Code   RO         4000    i.prvCheckForValidListAndQueue  timers.o
    0x08002ba0   0x08002ba0   0x00000026   Code   RO         3232    i.prvCopyDataFromQueue  queue.o
    0x08002bc6   0x08002bc6   0x0000006c   Code   RO         3233    i.prvCopyDataToQueue  queue.o
    0x08002c32   0x08002c32   0x00000034   Code   RO         3637    i.prvDeleteTCB      tasks.o
    0x08002c66   0x08002c66   0x00000002   PAD
    0x08002c68   0x08002c68   0x0000004c   Code   RO         4693    i.prvHeapInit       heap_4.o
    0x08002cb4   0x08002cb4   0x00000060   Code   RO         3638    i.prvIdleTask       tasks.o
    0x08002d14   0x08002d14   0x00000022   Code   RO         3235    i.prvInitialiseNewQueue  queue.o
    0x08002d36   0x08002d36   0x00000002   PAD
    0x08002d38   0x08002d38   0x000000b0   Code   RO         3639    i.prvInitialiseNewTask  tasks.o
    0x08002de8   0x08002de8   0x0000004c   Code   RO         4694    i.prvInsertBlockIntoFreeList  heap_4.o
    0x08002e34   0x08002e34   0x00000038   Code   RO         4002    i.prvInsertTimerInActiveList  timers.o
    0x08002e6c   0x08002e6c   0x0000001c   Code   RO         3236    i.prvIsQueueEmpty   queue.o
    0x08002e88   0x08002e88   0x000000fc   Code   RO         4003    i.prvProcessReceivedCommands  timers.o
    0x08002f84   0x08002f84   0x000000c0   Code   RO         4004    i.prvProcessTimerOrBlockTask  timers.o
    0x08003044   0x08003044   0x00000020   Code   RO         3641    i.prvResetNextTaskUnblockTime  tasks.o
    0x08003064   0x08003064   0x00000028   Code   RO         4005    i.prvSampleTimeNow  timers.o
    0x0800308c   0x0800308c   0x0000006c   Code   RO         4006    i.prvSwitchTimerLists  timers.o
    0x080030f8   0x080030f8   0x00000028   Code   RO         4749    i.prvTaskExitError  port.o
    0x08003120   0x08003120   0x00000024   Code   RO         4007    i.prvTimerTask      timers.o
    0x08003144   0x08003144   0x0000006a   Code   RO         3237    i.prvUnlockQueue    queue.o
    0x080031ae   0x080031ae   0x00000002   PAD
    0x080031b0   0x080031b0   0x000000dc   Code   RO         4695    i.pvPortMalloc      heap_4.o
    0x0800328c   0x0800328c   0x0000002c   Code   RO         4750    i.pxPortInitialiseStack  port.o
    0x080032b8   0x080032b8   0x00000026   Code   RO         3192    i.uxListRemove      list.o
    0x080032de   0x080032de   0x00000002   PAD
    0x080032e0   0x080032e0   0x00000014   Code   RO         4247    i.vApplicationGetIdleTaskMemory  cmsis_os2.o
    0x080032f4   0x080032f4   0x00000018   Code   RO         4248    i.vApplicationGetTimerTaskMemory  cmsis_os2.o
    0x0800330c   0x0800330c   0x00000002   Code   RO          235    i.vApplicationTickHook  freertos.o
    0x0800330e   0x0800330e   0x00000016   Code   RO         3193    i.vListInitialise   list.o
    0x08003324   0x08003324   0x00000006   Code   RO         3194    i.vListInitialiseItem  list.o
    0x0800332a   0x0800332a   0x00000030   Code   RO         3195    i.vListInsert       list.o
    0x0800335a   0x0800335a   0x00000018   Code   RO         3196    i.vListInsertEnd    list.o
    0x08003372   0x08003372   0x00000002   PAD
    0x08003374   0x08003374   0x00000040   Code   RO         4752    i.vPortEnterCritical  port.o
    0x080033b4   0x080033b4   0x00000028   Code   RO         4753    i.vPortExitCritical  port.o
    0x080033dc   0x080033dc   0x00000064   Code   RO         4696    i.vPortFree         heap_4.o
    0x08003440   0x08003440   0x00000024   Code   RO         4754    i.vPortSetupTimerInterrupt  port.o
    0x08003464   0x08003464   0x00000054   Code   RO         4755    i.vPortValidateInterruptPriority  port.o
    0x080034b8   0x080034b8   0x00000028   Code   RO         3243    i.vQueueAddToRegistry  queue.o
    0x080034e0   0x080034e0   0x00000044   Code   RO         3247    i.vQueueWaitForMessageRestricted  queue.o
    0x08003524   0x08003524   0x0000004c   Code   RO         3654    i.vTaskDelay        tasks.o
    0x08003570   0x08003570   0x00000010   Code   RO         3659    i.vTaskInternalSetTimeOutState  tasks.o
    0x08003580   0x08003580   0x0000000c   Code   RO         3660    i.vTaskMissedYield  tasks.o
    0x0800358c   0x0800358c   0x00000030   Code   RO         3662    i.vTaskPlaceOnEventList  tasks.o
    0x080035bc   0x080035bc   0x00000038   Code   RO         3663    i.vTaskPlaceOnEventListRestricted  tasks.o
    0x080035f4   0x080035f4   0x00000088   Code   RO         3671    i.vTaskStartScheduler  tasks.o
    0x0800367c   0x0800367c   0x00000010   Code   RO         3673    i.vTaskSuspendAll   tasks.o
    0x0800368c   0x0800368c   0x00000064   Code   RO         3674    i.vTaskSwitchContext  tasks.o
    0x080036f0   0x080036f0   0x000000f4   Code   RO         4756    i.xPortStartScheduler  port.o
    0x080037e4   0x080037e4   0x0000002c   Code   RO         4757    i.xPortSysTickHandler  port.o
    0x08003810   0x08003810   0x00000066   Code   RO         3253    i.xQueueGenericCreateStatic  queue.o
    0x08003876   0x08003876   0x00000002   PAD
    0x08003878   0x08003878   0x00000088   Code   RO         3254    i.xQueueGenericReset  queue.o
    0x08003900   0x08003900   0x00000160   Code   RO         3255    i.xQueueGenericSend  queue.o
    0x08003a60   0x08003a60   0x000000be   Code   RO         3256    i.xQueueGenericSendFromISR  queue.o
    0x08003b1e   0x08003b1e   0x00000002   PAD
    0x08003b20   0x08003b20   0x00000138   Code   RO         3265    i.xQueueReceive     queue.o
    0x08003c58   0x08003c58   0x00000074   Code   RO         3676    i.xTaskCheckForTimeOut  tasks.o
    0x08003ccc   0x08003ccc   0x0000005a   Code   RO         3677    i.xTaskCreate       tasks.o
    0x08003d26   0x08003d26   0x00000056   Code   RO         3678    i.xTaskCreateStatic  tasks.o
    0x08003d7c   0x08003d7c   0x0000001c   Code   RO         3682    i.xTaskGetSchedulerState  tasks.o
    0x08003d98   0x08003d98   0x0000000c   Code   RO         3683    i.xTaskGetTickCount  tasks.o
    0x08003da4   0x08003da4   0x000000d8   Code   RO         3685    i.xTaskIncrementTick  tasks.o
    0x08003e7c   0x08003e7c   0x00000080   Code   RO         3688    i.xTaskPriorityDisinherit  tasks.o
    0x08003efc   0x08003efc   0x00000070   Code   RO         3690    i.xTaskRemoveFromEventList  tasks.o
    0x08003f6c   0x08003f6c   0x000000c4   Code   RO         3691    i.xTaskResumeAll    tasks.o
    0x08004030   0x08004030   0x00000060   Code   RO         4016    i.xTimerCreateTimerTask  timers.o
    0x08004090   0x08004090   0x00000068   Code   RO         4017    i.xTimerGenericCommand  timers.o
    0x080040f8   0x080040f8   0x0000000a   Code   RO         5886    x$fpl$fpinit        fz_wm.l(fpinit.o)
    0x08004102   0x08004102   0x00000002   PAD
    0x08004104   0x08004104   0x00000048   Data   RO          236    .constdata          freertos.o
    0x0800414c   0x0800414c   0x00000008   Data   RO         1987    .constdata          stm32f4xx_hal_dma.o
    0x08004154   0x08004154   0x00000010   Data   RO         3028    .constdata          system_stm32f4xx.o
    0x08004164   0x08004164   0x00000008   Data   RO         3029    .constdata          system_stm32f4xx.o
    0x0800416c   0x0800416c   0x00000018   Data   RO          237    .conststring        freertos.o
    0x08004184   0x08004184   0x00000020   Data   RO         5942    Region$$Table       anon$$obj.o


    Execution Region RW_IRAM1 (Exec base: 0x20000000, Load base: 0x080041a4, Size: 0x00005f18, Max: 0x0001c000, ABSOLUTE, COMPRESSED[0x000009b0])

    Exec Addr    Load Addr    Size         Type   Attr      Idx    E Section Name        Object

    0x20000000   COMPRESSED   0x00000002   Data   RW           19    .data               main.o
    0x20000002   COMPRESSED   0x00000002   PAD
    0x20000004   COMPRESSED   0x00000008   Data   RW          238    .data               freertos.o
    0x2000000c   COMPRESSED   0x0000000c   Data   RW         2432    .data               stm32f4xx_hal.o
    0x20000018   COMPRESSED   0x00000004   Data   RW         3030    .data               system_stm32f4xx.o
    0x2000001c   COMPRESSED   0x0000003c   Data   RW         3694    .data               tasks.o
    0x20000058   COMPRESSED   0x00000014   Data   RW         4025    .data               timers.o
    0x2000006c   COMPRESSED   0x00000004   Data   RW         4251    .data               cmsis_os2.o
    0x20000070   COMPRESSED   0x00000020   Data   RW         4702    .data               heap_4.o
    0x20000090   COMPRESSED   0x0000000c   Data   RW         4758    .data               port.o
    0x2000009c   COMPRESSED   0x00000cb8   Data   RW         5178    .data               lcd.o
    0x20000d54        -       0x00000082   Zero   RW           18    .bss                main.o
    0x20000dd6   COMPRESSED   0x00000002   PAD
    0x20000dd8        -       0x000001b0   Zero   RW          339    .bss                usart.o
    0x20000f88        -       0x00000048   Zero   RW          504    .bss                stm32f4xx_hal_timebase_tim.o
    0x20000fd0        -       0x00000040   Zero   RW         3269    .bss                queue.o
    0x20001010        -       0x000004c4   Zero   RW         3693    .bss                tasks.o
    0x200014d4        -       0x00000118   Zero   RW         4024    .bss                timers.o
    0x200015ec        -       0x000006b8   Zero   RW         4250    .bss                cmsis_os2.o
    0x20001ca4        -       0x00003c00   Zero   RW         4701    .bss                heap_4.o
    0x200058a4        -       0x0000000e   Zero   RW         5176    .bss                lcd.o
    0x200058b2   COMPRESSED   0x00000002   PAD
    0x200058b4        -       0x00000060   Zero   RW         5758    .bss                c_w.l(libspace.o)
    0x20005914   COMPRESSED   0x00000004   PAD
    0x20005918        -       0x00000200   Zero   RW            2    HEAP                startup_stm32f407xx.o
    0x20005b18        -       0x00000400   Zero   RW            1    STACK               startup_stm32f407xx.o


    Execution Region RW_IRAM2 (Exec base: 0x2001c000, Load base: 0x08004b54, Size: 0x00000000, Max: 0x00004000, ABSOLUTE)

    **** No section assigned to this execution region ****


==============================================================================

Image component sizes


      Code (inc. data)   RO Data    RW Data    ZI Data      Debug   Object Name

       326         22          0          4       1720      65043   cmsis_os2.o
        92          4          0          0          0        814   dma.o
         0          0          0          0          0      19420   event_groups.o
       136         16         96          8          0       2845   freertos.o
       288         18          0          0          0       1047   gpio.o
       472         24          0         32      15360       4827   heap_4.o
      1428         56          0       3256         14      10449   lcd.o
       138          0          0          0          0       3510   list.o
       356         48          0          2        130     705126   main.o
       786         82          0         12          0      11433   port.o
      1514         20          0          0         64      17324   queue.o
        64         26        392          0       1536        836   startup_stm32f407xx.o
       116         18          0         12          0       8674   stm32f4xx_hal.o
       158         14          0          0          0      32998   stm32f4xx_hal_cortex.o
      1084         16          8          0          0       7294   stm32f4xx_hal_dma.o
       506         46          0          0          0       2176   stm32f4xx_hal_gpio.o
        56          4          0          0          0        854   stm32f4xx_hal_msp.o
      1408         82          0          0          0       5877   stm32f4xx_hal_rcc.o
       740         72          0          0          0       7444   stm32f4xx_hal_tim.o
         4          0          0          0          0       1617   stm32f4xx_hal_tim_ex.o
       140         20          0          0         72       1415   stm32f4xx_hal_timebase_tim.o
      1756         28          0          0          0      12500   stm32f4xx_hal_uart.o
        84         36          0          0          0       5570   stm32f4xx_it.o
         0          0          0          0          0        392   stream_buffer.o
        16          4         24          4          0       1111   system_stm32f4xx.o
      2100        170          0         60       1220      26780   tasks.o
       972         80          0         20        280      32027   timers.o
       480         48          0          0        432       2668   usart.o

    ----------------------------------------------------------------------
     15258        954        552       3412      20832     992071   Object Totals
         0          0         32          0          0          0   (incl. Generated)
        38          0          0          2          4          0   (incl. Padding)

    ----------------------------------------------------------------------

      Code (inc. data)   RO Data    RW Data    ZI Data      Debug   Library Member Name

        90          0          0          0          0          0   __dczerorl2.o
         8          0          0          0          0         68   __main.o
         0          0          0          0          0          0   __rtentry.o
        12          0          0          0          0          0   __rtentry2.o
         6          0          0          0          0          0   __rtentry4.o
        52          8          0          0          0          0   __scatter.o
        28          0          0          0          0          0   __scatter_zi.o
        16          0          0          0          0         68   aeabi_memset.o
        18          0          0          0          0         80   exit.o
         6          0          0          0          0        152   heapauxi.o
         0          0          0          0          0          0   indicate_semi.o
         2          0          0          0          0          0   libinit.o
         6          0          0          0          0          0   libinit2.o
         2          0          0          0          0          0   libshutdown.o
         2          0          0          0          0          0   libshutdown2.o
         8          4          0          0         96         68   libspace.o
       238          0          0          0          0        100   lludivv7m.o
        68          0          0          0          0         68   rt_memclr.o
        78          0          0          0          0         80   rt_memclr_w.o
       138          0          0          0          0         68   rt_memcpy_v6.o
       100          0          0          0          0         80   rt_memcpy_w.o
         2          0          0          0          0          0   rtexit.o
        10          0          0          0          0          0   rtexit2.o
        12          4          0          0          0         68   sys_exit.o
        74          0          0          0          0         80   sys_stackheap_outer.o
         2          0          0          0          0         68   use_no_semi.o
        10          0          0          0          0        116   fpinit.o

    ----------------------------------------------------------------------
       994         16          0          0        100       1164   Library Totals
         6          0          0          0          4          0   (incl. Padding)

    ----------------------------------------------------------------------

      Code (inc. data)   RO Data    RW Data    ZI Data      Debug   Library Name

       978         16          0          0         96       1048   c_w.l
        10          0          0          0          0        116   fz_wm.l

    ----------------------------------------------------------------------
       994         16          0          0        100       1164   Library Totals

    ----------------------------------------------------------------------

==============================================================================


      Code (inc. data)   RO Data    RW Data    ZI Data      Debug   

     16252        970        552       3412      20932     977467   Grand Totals
     16252        970        552       2480      20932     977467   ELF Image Totals (compressed)
     16252        970        552       2480          0          0   ROM Totals

==============================================================================

    Total RO  Size (Code + RO Data)                16804 (  16.41kB)
    Total RW  Size (RW Data + ZI Data)             24344 (  23.77kB)
    Total ROM Size (Code + RO Data + RW Data)      19284 (  18.83kB)

==============================================================================

